<?xml version="1.0" encoding="ISO-8859-1" ?>
<link_info>
   <banner>TI ARM Linker Unix v18.1.2.LTS</banner>
   <copyright>Copyright (c) 1996-2017 Texas Instruments Incorporated</copyright>
   <link_time>0x5bebbec9</link_time>
   <link_errors>0x0</link_errors>
   <output_file>lab08.out</output_file>
   <entry_point>
      <name>_c_int00_noargs</name>
      <address>0xb585</address>
   </entry_point>
   <input_file_list>
      <input_file id="fl-1">
         <path>./</path>
         <kind>object</kind>
         <file>control.obj</file>
         <name>control.obj</name>
      </input_file>
      <input_file id="fl-2">
         <path>./</path>
         <kind>object</kind>
         <file>lab08.obj</file>
         <name>lab08.obj</name>
      </input_file>
      <input_file id="fl-3">
         <path>./</path>
         <kind>object</kind>
         <file>mp3.obj</file>
         <name>mp3.obj</name>
      </input_file>
      <input_file id="fl-4">
         <path>./</path>
         <kind>object</kind>
         <file>sound.obj</file>
         <name>sound.obj</name>
      </input_file>
      <input_file id="fl-5">
         <path>../</path>
         <kind>object</kind>
         <file>ssi_DAC.obj</file>
         <name>ssi_DAC.obj</name>
      </input_file>
      <input_file id="fl-6">
         <path>./</path>
         <kind>object</kind>
         <file>tm4c1294ncpdt_startup_ccs.obj</file>
         <name>tm4c1294ncpdt_startup_ccs.obj</name>
      </input_file>
      <input_file id="fl-e">
         <kind>object</kind>
         <file>&lt;internal&gt;</file>
         <name>&lt;internal&gt;</name>
      </input_file>
      <input_file id="fl-f">
         <path>../</path>
         <kind>archive</kind>
         <file>libmad.lib</file>
         <name>decoder.obj</name>
      </input_file>
      <input_file id="fl-10">
         <path>../</path>
         <kind>archive</kind>
         <file>libmad.lib</file>
         <name>frame.obj</name>
      </input_file>
      <input_file id="fl-11">
         <path>../</path>
         <kind>archive</kind>
         <file>libmad.lib</file>
         <name>layer12.obj</name>
      </input_file>
      <input_file id="fl-12">
         <path>../</path>
         <kind>archive</kind>
         <file>libmad.lib</file>
         <name>layer3.obj</name>
      </input_file>
      <input_file id="fl-13">
         <path>../</path>
         <kind>archive</kind>
         <file>libmad.lib</file>
         <name>stream.obj</name>
      </input_file>
      <input_file id="fl-14">
         <path>../</path>
         <kind>archive</kind>
         <file>libmad.lib</file>
         <name>synth.obj</name>
      </input_file>
      <input_file id="fl-15">
         <path>../</path>
         <kind>archive</kind>
         <file>libmad.lib</file>
         <name>timer.obj</name>
      </input_file>
      <input_file id="fl-16">
         <path>../</path>
         <kind>archive</kind>
         <file>libmad.lib</file>
         <name>bit.obj</name>
      </input_file>
      <input_file id="fl-17">
         <path>../</path>
         <kind>archive</kind>
         <file>libmad.lib</file>
         <name>huffman.obj</name>
      </input_file>
      <input_file id="fl-18">
         <path>/Users/tnor/workspace_v8/ff13b/</path>
         <kind>archive</kind>
         <file>ff13b.lib</file>
         <name>ff.obj</name>
      </input_file>
      <input_file id="fl-19">
         <path>/Users/tnor/workspace_v8/ff13b/</path>
         <kind>archive</kind>
         <file>ff13b.lib</file>
         <name>ffunicode.obj</name>
      </input_file>
      <input_file id="fl-1a">
         <path>/Users/tnor/workspace_v8/ff13b/</path>
         <kind>archive</kind>
         <file>ff13b.lib</file>
         <name>diskio.obj</name>
      </input_file>
      <input_file id="fl-1b">
         <path>/Users/tnor/workspace_v8/periph/Debug/</path>
         <kind>archive</kind>
         <file>periph.lib</file>
         <name>osc.obj</name>
      </input_file>
      <input_file id="fl-1c">
         <path>/Users/tnor/workspace_v8/periph/Debug/</path>
         <kind>archive</kind>
         <file>periph.lib</file>
         <name>ssi_uSD.obj</name>
      </input_file>
      <input_file id="fl-1d">
         <path>/Users/tnor/workspace_v8/periph/Debug/</path>
         <kind>archive</kind>
         <file>periph.lib</file>
         <name>timer2A.obj</name>
      </input_file>
      <input_file id="fl-1e">
         <path>/Users/tnor/workspace_v8/utils/Debug/</path>
         <kind>archive</kind>
         <file>utils.lib</file>
         <name>ID3.obj</name>
      </input_file>
      <input_file id="fl-1f">
         <path>/Users/tnor/workspace_v8/utils/Debug/</path>
         <kind>archive</kind>
         <file>utils.lib</file>
         <name>MP3utils.obj</name>
      </input_file>
      <input_file id="fl-20">
         <path>/Users/tnor/workspace_v8/utils/Debug/</path>
         <kind>archive</kind>
         <file>utils.lib</file>
         <name>microSD.obj</name>
      </input_file>
      <input_file id="fl-d6">
         <path>/Applications/ti/ccsv8/tools/compiler/ti-cgt-arm_18.1.2.LTS/lib/</path>
         <kind>archive</kind>
         <file>rtsv7M4_T_le_v4SPD16_eabi.lib</file>
         <name>memcpy_t2.asm.obj</name>
      </input_file>
      <input_file id="fl-d7">
         <path>/Applications/ti/ccsv8/tools/compiler/ti-cgt-arm_18.1.2.LTS/lib/</path>
         <kind>archive</kind>
         <file>rtsv7M4_T_le_v4SPD16_eabi.lib</file>
         <name>copy_zero_init.c.obj</name>
      </input_file>
      <input_file id="fl-d8">
         <path>/Applications/ti/ccsv8/tools/compiler/ti-cgt-arm_18.1.2.LTS/lib/</path>
         <kind>archive</kind>
         <file>rtsv7M4_T_le_v4SPD16_eabi.lib</file>
         <name>copy_decompress_none.c.obj</name>
      </input_file>
      <input_file id="fl-d9">
         <path>/Applications/ti/ccsv8/tools/compiler/ti-cgt-arm_18.1.2.LTS/lib/</path>
         <kind>archive</kind>
         <file>rtsv7M4_T_le_v4SPD16_eabi.lib</file>
         <name>copy_decompress_lzss.c.obj</name>
      </input_file>
      <input_file id="fl-da">
         <path>/Applications/ti/ccsv8/tools/compiler/ti-cgt-arm_18.1.2.LTS/lib/</path>
         <kind>archive</kind>
         <file>rtsv7M4_T_le_v4SPD16_eabi.lib</file>
         <name>boot_cortex_m.c.obj</name>
      </input_file>
      <input_file id="fl-db">
         <path>/Applications/ti/ccsv8/tools/compiler/ti-cgt-arm_18.1.2.LTS/lib/</path>
         <kind>archive</kind>
         <file>rtsv7M4_T_le_v4SPD16_eabi.lib</file>
         <name>exit.c.obj</name>
      </input_file>
      <input_file id="fl-dc">
         <path>/Applications/ti/ccsv8/tools/compiler/ti-cgt-arm_18.1.2.LTS/lib/</path>
         <kind>archive</kind>
         <file>rtsv7M4_T_le_v4SPD16_eabi.lib</file>
         <name>memory.c.obj</name>
      </input_file>
      <input_file id="fl-dd">
         <path>/Applications/ti/ccsv8/tools/compiler/ti-cgt-arm_18.1.2.LTS/lib/</path>
         <kind>archive</kind>
         <file>rtsv7M4_T_le_v4SPD16_eabi.lib</file>
         <name>_lock.c.obj</name>
      </input_file>
      <input_file id="fl-de">
         <path>/Applications/ti/ccsv8/tools/compiler/ti-cgt-arm_18.1.2.LTS/lib/</path>
         <kind>archive</kind>
         <file>rtsv7M4_T_le_v4SPD16_eabi.lib</file>
         <name>args_main.c.obj</name>
      </input_file>
      <input_file id="fl-df">
         <path>/Applications/ti/ccsv8/tools/compiler/ti-cgt-arm_18.1.2.LTS/lib/</path>
         <kind>archive</kind>
         <file>rtsv7M4_T_le_v4SPD16_eabi.lib</file>
         <name>bzero.c.obj</name>
      </input_file>
      <input_file id="fl-e0">
         <path>/Applications/ti/ccsv8/tools/compiler/ti-cgt-arm_18.1.2.LTS/lib/</path>
         <kind>archive</kind>
         <file>rtsv7M4_T_le_v4SPD16_eabi.lib</file>
         <name>memcmp.c.obj</name>
      </input_file>
      <input_file id="fl-e1">
         <path>/Applications/ti/ccsv8/tools/compiler/ti-cgt-arm_18.1.2.LTS/lib/</path>
         <kind>archive</kind>
         <file>rtsv7M4_T_le_v4SPD16_eabi.lib</file>
         <name>memmov.c.obj</name>
      </input_file>
      <input_file id="fl-e2">
         <path>/Applications/ti/ccsv8/tools/compiler/ti-cgt-arm_18.1.2.LTS/lib/</path>
         <kind>archive</kind>
         <file>rtsv7M4_T_le_v4SPD16_eabi.lib</file>
         <name>sprintf.c.obj</name>
      </input_file>
      <input_file id="fl-e3">
         <path>/Applications/ti/ccsv8/tools/compiler/ti-cgt-arm_18.1.2.LTS/lib/</path>
         <kind>archive</kind>
         <file>rtsv7M4_T_le_v4SPD16_eabi.lib</file>
         <name>strcpy.c.obj</name>
      </input_file>
      <input_file id="fl-e4">
         <path>/Applications/ti/ccsv8/tools/compiler/ti-cgt-arm_18.1.2.LTS/lib/</path>
         <kind>archive</kind>
         <file>rtsv7M4_T_le_v4SPD16_eabi.lib</file>
         <name>strlen.c.obj</name>
      </input_file>
      <input_file id="fl-e5">
         <path>/Applications/ti/ccsv8/tools/compiler/ti-cgt-arm_18.1.2.LTS/lib/</path>
         <kind>archive</kind>
         <file>rtsv7M4_T_le_v4SPD16_eabi.lib</file>
         <name>strncasecmp.c.obj</name>
      </input_file>
      <input_file id="fl-e6">
         <path>/Applications/ti/ccsv8/tools/compiler/ti-cgt-arm_18.1.2.LTS/lib/</path>
         <kind>archive</kind>
         <file>rtsv7M4_T_le_v4SPD16_eabi.lib</file>
         <name>strncmp.c.obj</name>
      </input_file>
      <input_file id="fl-e7">
         <path>/Applications/ti/ccsv8/tools/compiler/ti-cgt-arm_18.1.2.LTS/lib/</path>
         <kind>archive</kind>
         <file>rtsv7M4_T_le_v4SPD16_eabi.lib</file>
         <name>memset_t2.asm.obj</name>
      </input_file>
      <input_file id="fl-e8">
         <path>/Applications/ti/ccsv8/tools/compiler/ti-cgt-arm_18.1.2.LTS/lib/</path>
         <kind>archive</kind>
         <file>rtsv7M4_T_le_v4SPD16_eabi.lib</file>
         <name>autoinit.c.obj</name>
      </input_file>
      <input_file id="fl-e9">
         <path>/Applications/ti/ccsv8/tools/compiler/ti-cgt-arm_18.1.2.LTS/lib/</path>
         <kind>archive</kind>
         <file>rtsv7M4_T_le_v4SPD16_eabi.lib</file>
         <name>pre_init.c.obj</name>
      </input_file>
      <input_file id="fl-ea">
         <path>/Applications/ti/ccsv8/tools/compiler/ti-cgt-arm_18.1.2.LTS/lib/</path>
         <kind>archive</kind>
         <file>rtsv7M4_T_le_v4SPD16_eabi.lib</file>
         <name>cpy_tbl.c.obj</name>
      </input_file>
      <input_file id="fl-eb">
         <path>/Applications/ti/ccsv8/tools/compiler/ti-cgt-arm_18.1.2.LTS/lib/</path>
         <kind>archive</kind>
         <file>rtsv7M4_T_le_v4SPD16_eabi.lib</file>
         <name>_printfi.c.obj</name>
      </input_file>
      <input_file id="fl-ec">
         <path>/Applications/ti/ccsv8/tools/compiler/ti-cgt-arm_18.1.2.LTS/lib/</path>
         <kind>archive</kind>
         <file>rtsv7M4_T_le_v4SPD16_eabi.lib</file>
         <name>atoi.c.obj</name>
      </input_file>
      <input_file id="fl-ed">
         <path>/Applications/ti/ccsv8/tools/compiler/ti-cgt-arm_18.1.2.LTS/lib/</path>
         <kind>archive</kind>
         <file>rtsv7M4_T_le_v4SPD16_eabi.lib</file>
         <name>ctype.c.obj</name>
      </input_file>
      <input_file id="fl-ee">
         <path>/Applications/ti/ccsv8/tools/compiler/ti-cgt-arm_18.1.2.LTS/lib/</path>
         <kind>archive</kind>
         <file>rtsv7M4_T_le_v4SPD16_eabi.lib</file>
         <name>ltoa.c.obj</name>
      </input_file>
      <input_file id="fl-ef">
         <path>/Applications/ti/ccsv8/tools/compiler/ti-cgt-arm_18.1.2.LTS/lib/</path>
         <kind>archive</kind>
         <file>rtsv7M4_T_le_v4SPD16_eabi.lib</file>
         <name>memccpy.c.obj</name>
      </input_file>
      <input_file id="fl-f0">
         <path>/Applications/ti/ccsv8/tools/compiler/ti-cgt-arm_18.1.2.LTS/lib/</path>
         <kind>archive</kind>
         <file>rtsv7M4_T_le_v4SPD16_eabi.lib</file>
         <name>strchr.c.obj</name>
      </input_file>
      <input_file id="fl-f1">
         <path>/Applications/ti/ccsv8/tools/compiler/ti-cgt-arm_18.1.2.LTS/lib/</path>
         <kind>archive</kind>
         <file>rtsv7M4_T_le_v4SPD16_eabi.lib</file>
         <name>s_frexp.c.obj</name>
      </input_file>
      <input_file id="fl-f2">
         <path>/Applications/ti/ccsv8/tools/compiler/ti-cgt-arm_18.1.2.LTS/lib/</path>
         <kind>archive</kind>
         <file>rtsv7M4_T_le_v4SPD16_eabi.lib</file>
         <name>s_scalbn.c.obj</name>
      </input_file>
      <input_file id="fl-f3">
         <path>/Applications/ti/ccsv8/tools/compiler/ti-cgt-arm_18.1.2.LTS/lib/</path>
         <kind>archive</kind>
         <file>rtsv7M4_T_le_v4SPD16_eabi.lib</file>
         <name>s_copysign.c.obj</name>
      </input_file>
      <input_file id="fl-f4">
         <path>/Applications/ti/ccsv8/tools/compiler/ti-cgt-arm_18.1.2.LTS/lib/</path>
         <kind>archive</kind>
         <file>rtsv7M4_T_le_v4SPD16_eabi.lib</file>
         <name>wcslen.c.obj</name>
      </input_file>
      <input_file id="fl-f5">
         <path>/Applications/ti/ccsv8/tools/compiler/ti-cgt-arm_18.1.2.LTS/lib/</path>
         <kind>archive</kind>
         <file>rtsv7M4_T_le_v4SPD16_eabi.lib</file>
         <name>fd_add_t2.asm.obj</name>
      </input_file>
      <input_file id="fl-f6">
         <path>/Applications/ti/ccsv8/tools/compiler/ti-cgt-arm_18.1.2.LTS/lib/</path>
         <kind>archive</kind>
         <file>rtsv7M4_T_le_v4SPD16_eabi.lib</file>
         <name>fd_cmp_t2.asm.obj</name>
      </input_file>
      <input_file id="fl-f7">
         <path>/Applications/ti/ccsv8/tools/compiler/ti-cgt-arm_18.1.2.LTS/lib/</path>
         <kind>archive</kind>
         <file>rtsv7M4_T_le_v4SPD16_eabi.lib</file>
         <name>fd_div_t2.asm.obj</name>
      </input_file>
      <input_file id="fl-f8">
         <path>/Applications/ti/ccsv8/tools/compiler/ti-cgt-arm_18.1.2.LTS/lib/</path>
         <kind>archive</kind>
         <file>rtsv7M4_T_le_v4SPD16_eabi.lib</file>
         <name>fd_mul_t2.asm.obj</name>
      </input_file>
      <input_file id="fl-f9">
         <path>/Applications/ti/ccsv8/tools/compiler/ti-cgt-arm_18.1.2.LTS/lib/</path>
         <kind>archive</kind>
         <file>rtsv7M4_T_le_v4SPD16_eabi.lib</file>
         <name>fd_toi_t2.asm.obj</name>
      </input_file>
      <input_file id="fl-fa">
         <path>/Applications/ti/ccsv8/tools/compiler/ti-cgt-arm_18.1.2.LTS/lib/</path>
         <kind>archive</kind>
         <file>rtsv7M4_T_le_v4SPD16_eabi.lib</file>
         <name>i_tofd_t2.asm.obj</name>
      </input_file>
      <input_file id="fl-fb">
         <path>/Applications/ti/ccsv8/tools/compiler/ti-cgt-arm_18.1.2.LTS/lib/</path>
         <kind>archive</kind>
         <file>rtsv7M4_T_le_v4SPD16_eabi.lib</file>
         <name>ull_div_t2.asm.obj</name>
      </input_file>
      <input_file id="fl-fc">
         <path>/Applications/ti/ccsv8/tools/compiler/ti-cgt-arm_18.1.2.LTS/lib/</path>
         <kind>archive</kind>
         <file>rtsv7M4_T_le_v4SPD16_eabi.lib</file>
         <name>errno.c.obj</name>
      </input_file>
      <input_file id="fl-fd">
         <path>/Applications/ti/ccsv8/tools/compiler/ti-cgt-arm_18.1.2.LTS/lib/</path>
         <kind>archive</kind>
         <file>rtsv7M4_T_le_v4SPD16_eabi.lib</file>
         <name>div0.asm.obj</name>
      </input_file>
   </input_file_list>
   <object_component_list>
      <object_component id="oc-f">
         <name>.intvecs</name>
         <load_address>0x0</load_address>
         <run_address>0x0</run_address>
         <size>0x208</size>
         <input_file_ref idref="fl-6"/>
      </object_component>
      <object_component id="oc-32a">
         <name>.text</name>
         <load_address>0x208</load_address>
         <run_address>0x208</run_address>
         <size>0x2c60</size>
         <input_file_ref idref="fl-12"/>
      </object_component>
      <object_component id="oc-108">
         <name>.text</name>
         <load_address>0x2e68</load_address>
         <run_address>0x2e68</run_address>
         <size>0x1b30</size>
         <input_file_ref idref="fl-18"/>
      </object_component>
      <object_component id="oc-24f">
         <name>.text</name>
         <load_address>0x4998</load_address>
         <run_address>0x4998</run_address>
         <size>0x1524</size>
         <input_file_ref idref="fl-14"/>
      </object_component>
      <object_component id="oc-324">
         <name>.text</name>
         <load_address>0x5ebc</load_address>
         <run_address>0x5ebc</run_address>
         <size>0xb40</size>
         <input_file_ref idref="fl-11"/>
      </object_component>
      <object_component id="oc-33e">
         <name>.text:__TI_printfi</name>
         <load_address>0x69fc</load_address>
         <run_address>0x69fc</run_address>
         <size>0xa5e</size>
         <input_file_ref idref="fl-eb"/>
      </object_component>
      <object_component id="oc-283">
         <name>.text:_nop</name>
         <load_address>0x745a</load_address>
         <run_address>0x745a</run_address>
         <size>0x2</size>
         <input_file_ref idref="fl-dd"/>
      </object_component>
      <object_component id="oc-2cd">
         <name>.text</name>
         <load_address>0x745c</load_address>
         <run_address>0x745c</run_address>
         <size>0x86e</size>
         <input_file_ref idref="fl-15"/>
      </object_component>
      <object_component id="oc-57d">
         <name>.text</name>
         <load_address>0x7cca</load_address>
         <run_address>0x7cca</run_address>
         <size>0x2</size>
         <input_file_ref idref="fl-fd"/>
      </object_component>
      <object_component id="oc-249">
         <name>.text</name>
         <load_address>0x7ccc</load_address>
         <run_address>0x7ccc</run_address>
         <size>0x7a0</size>
         <input_file_ref idref="fl-10"/>
      </object_component>
      <object_component id="oc-19f">
         <name>.text</name>
         <load_address>0x846c</load_address>
         <run_address>0x846c</run_address>
         <size>0x424</size>
         <input_file_ref idref="fl-13"/>
      </object_component>
      <object_component id="oc-de">
         <name>.text</name>
         <load_address>0x8890</load_address>
         <run_address>0x8890</run_address>
         <size>0x34e</size>
         <input_file_ref idref="fl-1e"/>
      </object_component>
      <object_component id="oc-e4">
         <name>.text</name>
         <load_address>0x8be0</load_address>
         <run_address>0x8be0</run_address>
         <size>0x308</size>
         <input_file_ref idref="fl-4"/>
      </object_component>
      <object_component id="oc-1a5">
         <name>.text</name>
         <load_address>0x8ee8</load_address>
         <run_address>0x8ee8</run_address>
         <size>0x2cc</size>
         <input_file_ref idref="fl-f"/>
      </object_component>
      <object_component id="oc-241">
         <name>.text</name>
         <load_address>0x91b4</load_address>
         <run_address>0x91b4</run_address>
         <size>0x298</size>
         <input_file_ref idref="fl-16"/>
      </object_component>
      <object_component id="oc-3d3">
         <name>.text:_pconv_a</name>
         <load_address>0x944c</load_address>
         <run_address>0x944c</run_address>
         <size>0x270</size>
         <input_file_ref idref="fl-eb"/>
      </object_component>
      <object_component id="oc-269">
         <name>.text</name>
         <load_address>0x96bc</load_address>
         <run_address>0x96bc</run_address>
         <size>0x270</size>
         <input_file_ref idref="fl-20"/>
      </object_component>
      <object_component id="oc-1bf">
         <name>.text</name>
         <load_address>0x992c</load_address>
         <run_address>0x992c</run_address>
         <size>0x238</size>
         <input_file_ref idref="fl-19"/>
      </object_component>
      <object_component id="oc-3c1">
         <name>.text:_pconv_g</name>
         <load_address>0x9b64</load_address>
         <run_address>0x9b64</run_address>
         <size>0x1d0</size>
         <input_file_ref idref="fl-eb"/>
      </object_component>
      <object_component id="oc-4d6">
         <name>.text</name>
         <load_address>0x9d34</load_address>
         <run_address>0x9d34</run_address>
         <size>0x1b6</size>
         <input_file_ref idref="fl-f5"/>
      </object_component>
      <object_component id="oc-fc">
         <name>.text</name>
         <load_address>0x9eec</load_address>
         <run_address>0x9eec</run_address>
         <size>0x180</size>
         <input_file_ref idref="fl-1c"/>
      </object_component>
      <object_component id="oc-3cd">
         <name>.text:_pconv_e</name>
         <load_address>0xa06c</load_address>
         <run_address>0xa06c</run_address>
         <size>0x13c</size>
         <input_file_ref idref="fl-eb"/>
      </object_component>
      <object_component id="oc-4bc">
         <name>.text</name>
         <load_address>0xa1a8</load_address>
         <run_address>0xa1a8</run_address>
         <size>0x136</size>
         <input_file_ref idref="fl-f7"/>
      </object_component>
      <object_component id="oc-ea">
         <name>.text</name>
         <load_address>0xa2e0</load_address>
         <run_address>0xa2e0</run_address>
         <size>0x130</size>
         <input_file_ref idref="fl-3"/>
      </object_component>
      <object_component id="oc-4e8">
         <name>.text:fcvt</name>
         <load_address>0xa410</load_address>
         <run_address>0xa410</run_address>
         <size>0x120</size>
         <input_file_ref idref="fl-eb"/>
      </object_component>
      <object_component id="oc-4fc">
         <name>.text:scalbn</name>
         <load_address>0xa530</load_address>
         <run_address>0xa530</run_address>
         <size>0x110</size>
         <input_file_ref idref="fl-f2"/>
      </object_component>
      <object_component id="oc-d8">
         <name>.text</name>
         <load_address>0xa640</load_address>
         <run_address>0xa640</run_address>
         <size>0x104</size>
         <input_file_ref idref="fl-1f"/>
      </object_component>
      <object_component id="oc-4b7">
         <name>.text</name>
         <load_address>0xa744</load_address>
         <run_address>0xa744</run_address>
         <size>0xfc</size>
         <input_file_ref idref="fl-f8"/>
      </object_component>
      <object_component id="oc-10e">
         <name>.text</name>
         <load_address>0xa840</load_address>
         <run_address>0xa840</run_address>
         <size>0xe4</size>
         <input_file_ref idref="fl-1"/>
      </object_component>
      <object_component id="oc-f6">
         <name>.text</name>
         <load_address>0xa924</load_address>
         <run_address>0xa924</run_address>
         <size>0xe0</size>
         <input_file_ref idref="fl-1b"/>
      </object_component>
      <object_component id="oc-102">
         <name>.text</name>
         <load_address>0xaa04</load_address>
         <run_address>0xaa04</run_address>
         <size>0xdc</size>
         <input_file_ref idref="fl-5"/>
      </object_component>
      <object_component id="oc-179">
         <name>.text:free</name>
         <load_address>0xaae0</load_address>
         <run_address>0xaae0</run_address>
         <size>0xd8</size>
         <input_file_ref idref="fl-dc"/>
      </object_component>
      <object_component id="oc-f0">
         <name>.text</name>
         <load_address>0xabb8</load_address>
         <run_address>0xabb8</run_address>
         <size>0xc4</size>
         <input_file_ref idref="fl-1d"/>
      </object_component>
      <object_component id="oc-3b6">
         <name>.text:_ltostr</name>
         <load_address>0xac7c</load_address>
         <run_address>0xac7c</run_address>
         <size>0xb1</size>
         <input_file_ref idref="fl-eb"/>
      </object_component>
      <object_component id="oc-3b">
         <name>.text</name>
         <load_address>0xad2e</load_address>
         <run_address>0xad2e</run_address>
         <size>0x9c</size>
         <input_file_ref idref="fl-d6"/>
      </object_component>
      <object_component id="oc-4b0">
         <name>.text</name>
         <load_address>0xadca</load_address>
         <run_address>0xadca</run_address>
         <size>0x96</size>
         <input_file_ref idref="fl-fb"/>
      </object_component>
      <object_component id="oc-9f">
         <name>.text</name>
         <load_address>0xae60</load_address>
         <run_address>0xae60</run_address>
         <size>0x90</size>
         <input_file_ref idref="fl-2"/>
      </object_component>
      <object_component id="oc-1c5">
         <name>.text</name>
         <load_address>0xaef0</load_address>
         <run_address>0xaef0</run_address>
         <size>0x8e</size>
         <input_file_ref idref="fl-1a"/>
      </object_component>
      <object_component id="oc-3bc">
         <name>.text:__aeabi_cdcmple</name>
         <load_address>0xaf7e</load_address>
         <run_address>0xaf7e</run_address>
         <size>0x86</size>
         <input_file_ref idref="fl-f6"/>
      </object_component>
      <object_component id="oc-4c1">
         <name>.text:__aeabi_cdrcmple</name>
         <load_address>0xb004</load_address>
         <run_address>0xb004</run_address>
         <size>0x86</size>
         <input_file_ref idref="fl-f6"/>
      </object_component>
      <object_component id="oc-93">
         <name>.text</name>
         <load_address>0xb08a</load_address>
         <run_address>0xb08a</run_address>
         <size>0x7a</size>
         <input_file_ref idref="fl-e7"/>
      </object_component>
      <object_component id="oc-16d">
         <name>.text:malloc</name>
         <load_address>0xb104</load_address>
         <run_address>0xb104</run_address>
         <size>0x78</size>
         <input_file_ref idref="fl-dc"/>
      </object_component>
      <object_component id="oc-4e1">
         <name>.text:_mcpy</name>
         <load_address>0xb17c</load_address>
         <run_address>0xb17c</run_address>
         <size>0x6e</size>
         <input_file_ref idref="fl-eb"/>
      </object_component>
      <object_component id="oc-12">
         <name>.text:decompress:lzss:__TI_decompress_lzss</name>
         <load_address>0xb1ea</load_address>
         <run_address>0xb1ea</run_address>
         <size>0x68</size>
         <input_file_ref idref="fl-d9"/>
      </object_component>
      <object_component id="oc-4f6">
         <name>.text:frexp</name>
         <load_address>0xb254</load_address>
         <run_address>0xb254</run_address>
         <size>0x64</size>
         <input_file_ref idref="fl-f1"/>
      </object_component>
      <object_component id="oc-3c7">
         <name>.text:_pconv_f</name>
         <load_address>0xb2b8</load_address>
         <run_address>0xb2b8</run_address>
         <size>0x56</size>
         <input_file_ref idref="fl-eb"/>
      </object_component>
      <object_component id="oc-4cb">
         <name>.text:ltoa</name>
         <load_address>0xb30e</load_address>
         <run_address>0xb30e</run_address>
         <size>0x54</size>
         <input_file_ref idref="fl-ee"/>
      </object_component>
      <object_component id="oc-4db">
         <name>.text:_ecpy</name>
         <load_address>0xb362</load_address>
         <run_address>0xb362</run_address>
         <size>0x52</size>
         <input_file_ref idref="fl-eb"/>
      </object_component>
      <object_component id="oc-3b0">
         <name>.text:atoi</name>
         <load_address>0xb3b4</load_address>
         <run_address>0xb3b4</run_address>
         <size>0x4c</size>
         <input_file_ref idref="fl-ec"/>
      </object_component>
      <object_component id="oc-4c6">
         <name>.text</name>
         <load_address>0xb400</load_address>
         <run_address>0xb400</run_address>
         <size>0x48</size>
         <input_file_ref idref="fl-f9"/>
      </object_component>
      <object_component id="oc-12b">
         <name>.text:__TI_auto_init_nobinit_nopinit:__TI_auto_init_nobinit_nopinit</name>
         <load_address>0xb448</load_address>
         <run_address>0xb448</run_address>
         <size>0x44</size>
         <input_file_ref idref="fl-e8"/>
      </object_component>
      <object_component id="oc-318">
         <name>.text:sprintf</name>
         <load_address>0xb48c</load_address>
         <run_address>0xb48c</run_address>
         <size>0x40</size>
         <input_file_ref idref="fl-e2"/>
      </object_component>
      <object_component id="oc-4ee">
         <name>.text:_fcpy</name>
         <load_address>0xb4cc</load_address>
         <run_address>0xb4cc</run_address>
         <size>0x3e</size>
         <input_file_ref idref="fl-eb"/>
      </object_component>
      <object_component id="oc-223">
         <name>.text:minsert</name>
         <load_address>0xb50c</load_address>
         <run_address>0xb50c</run_address>
         <size>0x3c</size>
         <input_file_ref idref="fl-dc"/>
      </object_component>
      <object_component id="oc-165">
         <name>.text:strncasecmp</name>
         <load_address>0xb548</load_address>
         <run_address>0xb548</run_address>
         <size>0x3c</size>
         <input_file_ref idref="fl-e5"/>
      </object_component>
      <object_component id="oc-59">
         <name>.text:_c_int00_noargs:_c_int00_noargs</name>
         <load_address>0xb584</load_address>
         <run_address>0xb584</run_address>
         <size>0x38</size>
         <input_file_ref idref="fl-da"/>
      </object_component>
      <object_component id="oc-217">
         <name>.text:minit</name>
         <load_address>0xb5bc</load_address>
         <run_address>0xb5bc</run_address>
         <size>0x38</size>
         <input_file_ref idref="fl-dc"/>
      </object_component>
      <object_component id="oc-4d1">
         <name>.text</name>
         <load_address>0xb5f4</load_address>
         <run_address>0xb5f4</run_address>
         <size>0x2e</size>
         <input_file_ref idref="fl-fa"/>
      </object_component>
      <object_component id="oc-17f">
         <name>.text:strncmp</name>
         <load_address>0xb622</load_address>
         <run_address>0xb622</run_address>
         <size>0x2c</size>
         <input_file_ref idref="fl-e6"/>
      </object_component>
      <object_component id="oc-39d">
         <name>.text:calloc</name>
         <load_address>0xb64e</load_address>
         <run_address>0xb64e</run_address>
         <size>0x2a</size>
         <input_file_ref idref="fl-dc"/>
      </object_component>
      <object_component id="oc-21d">
         <name>.text:mremove</name>
         <load_address>0xb678</load_address>
         <run_address>0xb678</run_address>
         <size>0x28</size>
         <input_file_ref idref="fl-dc"/>
      </object_component>
      <object_component id="oc-185">
         <name>.text:memcmp</name>
         <load_address>0xb6a0</load_address>
         <run_address>0xb6a0</run_address>
         <size>0x24</size>
         <input_file_ref idref="fl-e0"/>
      </object_component>
      <object_component id="oc-199">
         <name>.text:memmove</name>
         <load_address>0xb6c4</load_address>
         <run_address>0xb6c4</run_address>
         <size>0x24</size>
         <input_file_ref idref="fl-e1"/>
      </object_component>
      <object_component id="oc-3d9">
         <name>.text:memccpy</name>
         <load_address>0xb6e8</load_address>
         <run_address>0xb6e8</run_address>
         <size>0x1c</size>
         <input_file_ref idref="fl-ef"/>
      </object_component>
      <object_component id="oc-344">
         <name>.text:_outs</name>
         <load_address>0xb704</load_address>
         <run_address>0xb704</run_address>
         <size>0x18</size>
         <input_file_ref idref="fl-e2"/>
      </object_component>
      <object_component id="oc-502">
         <name>.text:strchr</name>
         <load_address>0xb71c</load_address>
         <run_address>0xb71c</run_address>
         <size>0x16</size>
         <input_file_ref idref="fl-f0"/>
      </object_component>
      <object_component id="oc-596">
         <name>.text:copysign</name>
         <load_address>0xb732</load_address>
         <run_address>0xb732</run_address>
         <size>0x14</size>
         <input_file_ref idref="fl-f3"/>
      </object_component>
      <object_component id="oc-173">
         <name>.text:strcpy</name>
         <load_address>0xb746</load_address>
         <run_address>0xb746</run_address>
         <size>0x14</size>
         <input_file_ref idref="fl-e3"/>
      </object_component>
      <object_component id="oc-15f">
         <name>.text:strlen</name>
         <load_address>0xb75a</load_address>
         <run_address>0xb75a</run_address>
         <size>0x14</size>
         <input_file_ref idref="fl-e4"/>
      </object_component>
      <object_component id="oc-3df">
         <name>.text:wcslen</name>
         <load_address>0xb76e</load_address>
         <run_address>0xb76e</run_address>
         <size>0x12</size>
         <input_file_ref idref="fl-f4"/>
      </object_component>
      <object_component id="oc-18">
         <name>.text:decompress:none:__TI_decompress_none</name>
         <load_address>0xb780</load_address>
         <run_address>0xb780</run_address>
         <size>0xe</size>
         <input_file_ref idref="fl-d8"/>
      </object_component>
      <object_component id="oc-4d">
         <name>.text:decompress:ZI:__TI_zero_init</name>
         <load_address>0xb78e</load_address>
         <run_address>0xb78e</run_address>
         <size>0xc</size>
         <input_file_ref idref="fl-d7"/>
      </object_component>
      <object_component id="oc-27">
         <name>.text</name>
         <load_address>0xb79a</load_address>
         <run_address>0xb79a</run_address>
         <size>0xc</size>
         <input_file_ref idref="fl-6"/>
      </object_component>
      <object_component id="oc-34a">
         <name>.text:_outc</name>
         <load_address>0xb7a6</load_address>
         <run_address>0xb7a6</run_address>
         <size>0xa</size>
         <input_file_ref idref="fl-e2"/>
      </object_component>
      <object_component id="oc-3e5">
         <name>.text:__aeabi_errno_addr</name>
         <load_address>0xb7b0</load_address>
         <run_address>0xb7b0</run_address>
         <size>0x8</size>
         <input_file_ref idref="fl-fc"/>
      </object_component>
      <object_component id="oc-3a3">
         <name>.text:bzero</name>
         <load_address>0xb7b8</load_address>
         <run_address>0xb7b8</run_address>
         <size>0x8</size>
         <input_file_ref idref="fl-df"/>
      </object_component>
      <object_component id="oc-99">
         <name>.text:_system_pre_init</name>
         <load_address>0xb7c0</load_address>
         <run_address>0xb7c0</run_address>
         <size>0x4</size>
         <input_file_ref idref="fl-e9"/>
      </object_component>
      <object_component id="oc-11f">
         <name>.text:abort:abort</name>
         <load_address>0xb7c4</load_address>
         <run_address>0xb7c4</run_address>
         <size>0x4</size>
         <input_file_ref idref="fl-db"/>
      </object_component>
      <object_component id="oc-376">
         <name>.const:rq_table</name>
         <load_address>0xb7c8</load_address>
         <run_address>0xb7c8</run_address>
         <size>0x803c</size>
         <input_file_ref idref="fl-12"/>
      </object_component>
      <object_component id="oc-2dd">
         <name>.const:D</name>
         <load_address>0x13804</load_address>
         <run_address>0x13804</run_address>
         <size>0x880</size>
         <input_file_ref idref="fl-14"/>
      </object_component>
      <object_component id="oc-442">
         <name>.const:hufftab16</name>
         <load_address>0x14084</load_address>
         <run_address>0x14084</run_address>
         <size>0x324</size>
         <input_file_ref idref="fl-17"/>
      </object_component>
      <object_component id="oc-43c">
         <name>.const:hufftab13</name>
         <load_address>0x143a8</load_address>
         <run_address>0x143a8</run_address>
         <size>0x31c</size>
         <input_file_ref idref="fl-17"/>
      </object_component>
      <object_component id="oc-445">
         <name>.const:hufftab24</name>
         <load_address>0x146c4</load_address>
         <run_address>0x146c4</run_address>
         <size>0x304</size>
         <input_file_ref idref="fl-17"/>
      </object_component>
      <object_component id="oc-43f">
         <name>.const:hufftab15</name>
         <load_address>0x149c8</load_address>
         <run_address>0x149c8</run_address>
         <size>0x2f8</size>
         <input_file_ref idref="fl-17"/>
      </object_component>
      <object_component id="oc-2b3">
         <name>.const:crc_table</name>
         <load_address>0x14cc0</load_address>
         <run_address>0x14cc0</run_address>
         <size>0x200</size>
         <input_file_ref idref="fl-16"/>
      </object_component>
      <object_component id="oc-265">
         <name>.const:cvt1$1</name>
         <load_address>0x14ec0</load_address>
         <run_address>0x14ec0</run_address>
         <size>0x1f2</size>
         <input_file_ref idref="fl-19"/>
      </object_component>
      <object_component id="oc-418">
         <name>.const:hufftab0</name>
         <load_address>0x150b2</load_address>
         <run_address>0x150b2</run_address>
         <size>0x2</size>
         <input_file_ref idref="fl-17"/>
      </object_component>
      <object_component id="oc-2c7">
         <name>.const:bitrate_table</name>
         <load_address>0x150b4</load_address>
         <run_address>0x150b4</run_address>
         <size>0x12c</size>
         <input_file_ref idref="fl-10"/>
      </object_component>
      <object_component id="oc-4ab">
         <name>.const:.string:_ctypes_</name>
         <load_address>0x151e0</load_address>
         <run_address>0x151e0</run_address>
         <size>0x101</size>
         <input_file_ref idref="fl-ed"/>
      </object_component>
      <object_component id="oc-37c">
         <name>.const:mad_huff_pair_table</name>
         <load_address>0x152e4</load_address>
         <run_address>0x152e4</run_address>
         <size>0x100</size>
         <input_file_ref idref="fl-17"/>
      </object_component>
      <object_component id="oc-35a">
         <name>.const:sf_table</name>
         <load_address>0x153e4</load_address>
         <run_address>0x153e4</run_address>
         <size>0x100</size>
         <input_file_ref idref="fl-11"/>
      </object_component>
      <object_component id="oc-262">
         <name>.const:uc437</name>
         <load_address>0x154e4</load_address>
         <run_address>0x154e4</run_address>
         <size>0x100</size>
         <input_file_ref idref="fl-19"/>
      </object_component>
      <object_component id="oc-436">
         <name>.const:hufftab11</name>
         <load_address>0x155e4</load_address>
         <run_address>0x155e4</run_address>
         <size>0xd0</size>
         <input_file_ref idref="fl-17"/>
      </object_component>
      <object_component id="oc-433">
         <name>.const:hufftab10</name>
         <load_address>0x156b4</load_address>
         <run_address>0x156b4</run_address>
         <size>0xcc</size>
         <input_file_ref idref="fl-17"/>
      </object_component>
      <object_component id="oc-366">
         <name>.const:qc_table</name>
         <load_address>0x15780</load_address>
         <run_address>0x15780</run_address>
         <size>0xcc</size>
         <input_file_ref idref="fl-11"/>
      </object_component>
      <object_component id="oc-439">
         <name>.const:hufftab12</name>
         <load_address>0x1584c</load_address>
         <run_address>0x1584c</run_address>
         <size>0xc0</size>
         <input_file_ref idref="fl-17"/>
      </object_component>
      <object_component id="oc-266">
         <name>.const:cvt2$2</name>
         <load_address>0x1590c</load_address>
         <run_address>0x1590c</run_address>
         <size>0xbc</size>
         <input_file_ref idref="fl-19"/>
      </object_component>
      <object_component id="oc-35d">
         <name>.const:sbquant_table</name>
         <load_address>0x159c8</load_address>
         <run_address>0x159c8</run_address>
         <size>0xb4</size>
         <input_file_ref idref="fl-11"/>
      </object_component>
      <object_component id="oc-394">
         <name>.const:imdct_s</name>
         <load_address>0x15a7c</load_address>
         <run_address>0x15a7c</run_address>
         <size>0x90</size>
         <input_file_ref idref="fl-12"/>
      </object_component>
      <object_component id="oc-38e">
         <name>.const:window_l</name>
         <load_address>0x15b0c</load_address>
         <run_address>0x15b0c</run_address>
         <size>0x90</size>
         <input_file_ref idref="fl-12"/>
      </object_component>
      <object_component id="oc-42d">
         <name>.const:hufftab8</name>
         <load_address>0x15b9c</load_address>
         <run_address>0x15b9c</run_address>
         <size>0x84</size>
         <input_file_ref idref="fl-17"/>
      </object_component>
      <object_component id="oc-1ce">
         <name>.const:.string:ExCvt</name>
         <load_address>0x15c20</load_address>
         <run_address>0x15c20</run_address>
         <size>0x80</size>
         <input_file_ref idref="fl-18"/>
      </object_component>
      <object_component id="oc-42a">
         <name>.const:hufftab7</name>
         <load_address>0x15ca0</load_address>
         <run_address>0x15ca0</run_address>
         <size>0x80</size>
         <input_file_ref idref="fl-17"/>
      </object_component>
      <object_component id="oc-382">
         <name>.const:is_lsf_table</name>
         <load_address>0x15d20</load_address>
         <run_address>0x15d20</run_address>
         <size>0x78</size>
         <input_file_ref idref="fl-12"/>
      </object_component>
      <object_component id="oc-430">
         <name>.const:hufftab9</name>
         <load_address>0x15d98</load_address>
         <run_address>0x15d98</run_address>
         <size>0x6c</size>
         <input_file_ref idref="fl-17"/>
      </object_component>
      <object_component id="oc-397">
         <name>.const:sfbwidth_table</name>
         <load_address>0x15e04</load_address>
         <run_address>0x15e04</run_address>
         <size>0x6c</size>
         <input_file_ref idref="fl-12"/>
      </object_component>
      <object_component id="oc-363">
         <name>.const:offset_table</name>
         <load_address>0x15e70</load_address>
         <run_address>0x15e70</run_address>
         <size>0x5a</size>
         <input_file_ref idref="fl-11"/>
      </object_component>
      <object_component id="oc-36d">
         <name>.const:nsfb_table</name>
         <load_address>0x15eca</load_address>
         <run_address>0x15eca</run_address>
         <size>0x48</size>
         <input_file_ref idref="fl-12"/>
      </object_component>
      <object_component id="oc-36c">
         <name>.const:scale$2</name>
         <load_address>0x15f14</load_address>
         <run_address>0x15f14</run_address>
         <size>0x48</size>
         <input_file_ref idref="fl-12"/>
      </object_component>
      <object_component id="oc-427">
         <name>.const:hufftab6</name>
         <load_address>0x15f5c</load_address>
         <run_address>0x15f5c</run_address>
         <size>0x38</size>
         <input_file_ref idref="fl-17"/>
      </object_component>
      <object_component id="oc-44b">
         <name>.const:hufftabA</name>
         <load_address>0x15f94</load_address>
         <run_address>0x15f94</run_address>
         <size>0x38</size>
         <input_file_ref idref="fl-17"/>
      </object_component>
      <object_component id="oc-357">
         <name>.const:linear_table</name>
         <load_address>0x15fcc</load_address>
         <run_address>0x15fcc</run_address>
         <size>0x38</size>
         <input_file_ref idref="fl-11"/>
      </object_component>
      <object_component id="oc-424">
         <name>.const:hufftab5</name>
         <load_address>0x16004</load_address>
         <run_address>0x16004</run_address>
         <size>0x34</size>
         <input_file_ref idref="fl-17"/>
      </object_component>
      <object_component id="oc-391">
         <name>.const:window_s</name>
         <load_address>0x16038</load_address>
         <run_address>0x16038</run_address>
         <size>0x30</size>
         <input_file_ref idref="fl-12"/>
      </object_component>
      <object_component id="oc-48e">
         <name>.const:.string:sfb_16000_short</name>
         <load_address>0x16068</load_address>
         <run_address>0x16068</run_address>
         <size>0x27</size>
         <input_file_ref idref="fl-12"/>
      </object_component>
      <object_component id="oc-488">
         <name>.const:.string:sfb_22050_short</name>
         <load_address>0x1608f</load_address>
         <run_address>0x1608f</run_address>
         <size>0x27</size>
         <input_file_ref idref="fl-12"/>
      </object_component>
      <object_component id="oc-47f">
         <name>.const:.string:sfb_24000_short</name>
         <load_address>0x160b6</load_address>
         <run_address>0x160b6</run_address>
         <size>0x27</size>
         <input_file_ref idref="fl-12"/>
      </object_component>
      <object_component id="oc-476">
         <name>.const:.string:sfb_32000_short</name>
         <load_address>0x160dd</load_address>
         <run_address>0x160dd</run_address>
         <size>0x27</size>
         <input_file_ref idref="fl-12"/>
      </object_component>
      <object_component id="oc-46d">
         <name>.const:.string:sfb_44100_short</name>
         <load_address>0x16104</load_address>
         <run_address>0x16104</run_address>
         <size>0x27</size>
         <input_file_ref idref="fl-12"/>
      </object_component>
      <object_component id="oc-464">
         <name>.const:.string:sfb_48000_short</name>
         <load_address>0x1612b</load_address>
         <run_address>0x1612b</run_address>
         <size>0x27</size>
         <input_file_ref idref="fl-12"/>
      </object_component>
      <object_component id="oc-49a">
         <name>.const:.string:sfb_8000_mixed</name>
         <load_address>0x16152</load_address>
         <run_address>0x16152</run_address>
         <size>0x27</size>
         <input_file_ref idref="fl-12"/>
      </object_component>
      <object_component id="oc-497">
         <name>.const:.string:sfb_8000_short</name>
         <load_address>0x16179</load_address>
         <run_address>0x16179</run_address>
         <size>0x27</size>
         <input_file_ref idref="fl-12"/>
      </object_component>
      <object_component id="oc-479">
         <name>.const:.string:sfb_32000_mixed</name>
         <load_address>0x161a0</load_address>
         <run_address>0x161a0</run_address>
         <size>0x26</size>
         <input_file_ref idref="fl-12"/>
      </object_component>
      <object_component id="oc-470">
         <name>.const:.string:sfb_44100_mixed</name>
         <load_address>0x161c6</load_address>
         <run_address>0x161c6</run_address>
         <size>0x26</size>
         <input_file_ref idref="fl-12"/>
      </object_component>
      <object_component id="oc-467">
         <name>.const:.string:sfb_48000_mixed</name>
         <load_address>0x161ec</load_address>
         <run_address>0x161ec</run_address>
         <size>0x26</size>
         <input_file_ref idref="fl-12"/>
      </object_component>
      <object_component id="oc-491">
         <name>.const:.string:sfb_16000_mixed</name>
         <load_address>0x16212</load_address>
         <run_address>0x16212</run_address>
         <size>0x24</size>
         <input_file_ref idref="fl-12"/>
      </object_component>
      <object_component id="oc-48b">
         <name>.const:.string:sfb_22050_mixed</name>
         <load_address>0x16236</load_address>
         <run_address>0x16236</run_address>
         <size>0x24</size>
         <input_file_ref idref="fl-12"/>
      </object_component>
      <object_component id="oc-482">
         <name>.const:.string:sfb_24000_mixed</name>
         <load_address>0x1625a</load_address>
         <run_address>0x1625a</run_address>
         <size>0x24</size>
         <input_file_ref idref="fl-12"/>
      </object_component>
      <object_component id="oc-36b">
         <name>.const:scale$1</name>
         <load_address>0x16280</load_address>
         <run_address>0x16280</run_address>
         <size>0x24</size>
         <input_file_ref idref="fl-12"/>
      </object_component>
      <object_component id="oc-360">
         <name>.const:bitalloc_table</name>
         <load_address>0x162a4</load_address>
         <run_address>0x162a4</run_address>
         <size>0x20</size>
         <input_file_ref idref="fl-11"/>
      </object_component>
      <object_component id="oc-38b">
         <name>.const:ca</name>
         <load_address>0x162c4</load_address>
         <run_address>0x162c4</run_address>
         <size>0x20</size>
         <input_file_ref idref="fl-12"/>
      </object_component>
      <object_component id="oc-388">
         <name>.const:cs</name>
         <load_address>0x162e4</load_address>
         <run_address>0x162e4</run_address>
         <size>0x20</size>
         <input_file_ref idref="fl-12"/>
      </object_component>
      <object_component id="oc-41e">
         <name>.const:hufftab2</name>
         <load_address>0x16304</load_address>
         <run_address>0x16304</run_address>
         <size>0x20</size>
         <input_file_ref idref="fl-17"/>
      </object_component>
      <object_component id="oc-421">
         <name>.const:hufftab3</name>
         <load_address>0x16324</load_address>
         <run_address>0x16324</run_address>
         <size>0x20</size>
         <input_file_ref idref="fl-17"/>
      </object_component>
      <object_component id="oc-44e">
         <name>.const:hufftabB</name>
         <load_address>0x16344</load_address>
         <run_address>0x16344</run_address>
         <size>0x20</size>
         <input_file_ref idref="fl-17"/>
      </object_component>
      <object_component id="oc-370">
         <name>.const:sflen_table</name>
         <load_address>0x16364</load_address>
         <run_address>0x16364</run_address>
         <size>0x20</size>
         <input_file_ref idref="fl-12"/>
      </object_component>
      <object_component id="oc-385">
         <name>.const:is_table</name>
         <load_address>0x16384</load_address>
         <run_address>0x16384</run_address>
         <size>0x1c</size>
         <input_file_ref idref="fl-12"/>
      </object_component>
      <object_component id="oc-379">
         <name>.const:root_table</name>
         <load_address>0x163a0</load_address>
         <run_address>0x163a0</run_address>
         <size>0x1c</size>
         <input_file_ref idref="fl-12"/>
      </object_component>
      <object_component id="oc-373">
         <name>.const:.string:pretab</name>
         <load_address>0x163bc</load_address>
         <run_address>0x163bc</run_address>
         <size>0x16</size>
         <input_file_ref idref="fl-12"/>
      </object_component>
      <object_component id="oc-485">
         <name>.const:.string:sfb_22050_long</name>
         <load_address>0x163d2</load_address>
         <run_address>0x163d2</run_address>
         <size>0x16</size>
         <input_file_ref idref="fl-12"/>
      </object_component>
      <object_component id="oc-47c">
         <name>.const:.string:sfb_24000_long</name>
         <load_address>0x163e8</load_address>
         <run_address>0x163e8</run_address>
         <size>0x16</size>
         <input_file_ref idref="fl-12"/>
      </object_component>
      <object_component id="oc-473">
         <name>.const:.string:sfb_32000_long</name>
         <load_address>0x163fe</load_address>
         <run_address>0x163fe</run_address>
         <size>0x16</size>
         <input_file_ref idref="fl-12"/>
      </object_component>
      <object_component id="oc-46a">
         <name>.const:.string:sfb_44100_long</name>
         <load_address>0x16414</load_address>
         <run_address>0x16414</run_address>
         <size>0x16</size>
         <input_file_ref idref="fl-12"/>
      </object_component>
      <object_component id="oc-461">
         <name>.const:.string:sfb_48000_long</name>
         <load_address>0x1642a</load_address>
         <run_address>0x1642a</run_address>
         <size>0x16</size>
         <input_file_ref idref="fl-12"/>
      </object_component>
      <object_component id="oc-494">
         <name>.const:.string:sfb_8000_long</name>
         <load_address>0x16440</load_address>
         <run_address>0x16440</run_address>
         <size>0x16</size>
         <input_file_ref idref="fl-12"/>
      </object_component>
      <object_component id="oc-41b">
         <name>.const:hufftab1</name>
         <load_address>0x16456</load_address>
         <run_address>0x16456</run_address>
         <size>0x10</size>
         <input_file_ref idref="fl-17"/>
      </object_component>
      <object_component id="oc-1cb">
         <name>.const:.string:LfnOfs</name>
         <load_address>0x16466</load_address>
         <run_address>0x16466</run_address>
         <size>0xd</size>
         <input_file_ref idref="fl-18"/>
      </object_component>
      <object_component id="oc-2d3">
         <name>.const:decoder_table</name>
         <load_address>0x16474</load_address>
         <run_address>0x16474</run_address>
         <size>0xc</size>
         <input_file_ref idref="fl-10"/>
      </object_component>
      <object_component id="oc-2ca">
         <name>.const:samplerate_table</name>
         <load_address>0x16480</load_address>
         <run_address>0x16480</run_address>
         <size>0xc</size>
         <input_file_ref idref="fl-10"/>
      </object_component>
      <object_component id="oc-37f">
         <name>.const:mad_huff_quad_table</name>
         <load_address>0x1648c</load_address>
         <run_address>0x1648c</run_address>
         <size>0x8</size>
         <input_file_ref idref="fl-17"/>
      </object_component>
      <object_component id="oc-2c4">
         <name>.const:mad_timer_zero</name>
         <load_address>0x16494</load_address>
         <run_address>0x16494</run_address>
         <size>0x8</size>
         <input_file_ref idref="fl-15"/>
      </object_component>
      <object_component id="oc-5ec">
         <name>.cinit..data.load</name>
         <load_address>0x164a0</load_address>
         <run_address>0x164a0</run_address>
         <size>0x1a</size>
      </object_component>
      <object_component id="oc-5ea">
         <name>__TI_handler_table</name>
         <load_address>0x164bc</load_address>
         <run_address>0x164bc</run_address>
         <size>0xc</size>
      </object_component>
      <object_component id="oc-5ed">
         <name>.cinit..bss.load</name>
         <load_address>0x164c8</load_address>
         <run_address>0x164c8</run_address>
         <size>0x8</size>
      </object_component>
      <object_component id="oc-5eb">
         <name>__TI_cinit_table</name>
         <load_address>0x164d0</load_address>
         <run_address>0x164d0</run_address>
         <size>0x10</size>
      </object_component>
      <object_component id="oc-1e1">
         <name>.data</name>
         <load_address>0x20010ae0</load_address>
         <run_address>0x20010ae0</run_address>
         <size>0x4</size>
         <input_file_ref idref="fl-1"/>
      </object_component>
      <object_component id="oc-194">
         <name>.data</name>
         <load_address>0x20010ae8</load_address>
         <run_address>0x20010ae8</run_address>
         <size>0x4</size>
         <input_file_ref idref="fl-4"/>
      </object_component>
      <object_component id="oc-2f7">
         <name>.data</name>
         <load_address>0x20010aec</load_address>
         <run_address>0x20010aec</run_address>
         <size>0x1</size>
         <input_file_ref idref="fl-20"/>
      </object_component>
      <object_component id="oc-229">
         <name>.data:$O1$$</name>
         <load_address>0x20010acc</load_address>
         <run_address>0x20010acc</run_address>
         <size>0xc</size>
         <input_file_ref idref="fl-dc"/>
      </object_component>
      <object_component id="oc-1f5">
         <name>.data:$O1$$</name>
         <load_address>0x20010ad8</load_address>
         <run_address>0x20010ad8</run_address>
         <size>0x8</size>
         <input_file_ref idref="fl-dd"/>
      </object_component>
      <object_component id="oc-512">
         <name>.data</name>
         <load_address>0x20010ae4</load_address>
         <run_address>0x20010ae4</run_address>
         <size>0x4</size>
         <input_file_ref idref="fl-fc"/>
      </object_component>
      <object_component id="oc-1e4">
         <name>.bss</name>
         <uninitialized>true</uninitialized>
         <run_address>0x20010aca</run_address>
         <size>0x1</size>
         <input_file_ref idref="fl-1"/>
      </object_component>
      <object_component id="oc-1ab">
         <name>.bss:inputBuffer</name>
         <uninitialized>true</uninitialized>
         <run_address>0x2000fd20</run_address>
         <size>0xa00</size>
         <input_file_ref idref="fl-3"/>
      </object_component>
      <object_component id="oc-191">
         <name>.bss</name>
         <uninitialized>true</uninitialized>
         <run_address>0x20010aa0</run_address>
         <size>0x24</size>
         <input_file_ref idref="fl-4"/>
      </object_component>
      <object_component id="oc-39a">
         <name>.bss:xr</name>
         <uninitialized>true</uninitialized>
         <run_address>0x2000eb20</run_address>
         <size>0x1200</size>
         <input_file_ref idref="fl-12"/>
      </object_component>
      <object_component id="oc-1d1">
         <name>.bss:FatFs</name>
         <uninitialized>true</uninitialized>
         <run_address>0x20010ac4</run_address>
         <size>0x4</size>
         <input_file_ref idref="fl-18"/>
      </object_component>
      <object_component id="oc-1d4">
         <name>.bss</name>
         <uninitialized>true</uninitialized>
         <run_address>0x20010ac8</run_address>
         <size>0x2</size>
         <input_file_ref idref="fl-18"/>
      </object_component>
      <object_component id="oc-1d7">
         <name>.bss:LfnBuf</name>
         <uninitialized>true</uninitialized>
         <run_address>0x20010720</run_address>
         <size>0x200</size>
         <input_file_ref idref="fl-18"/>
      </object_component>
      <object_component id="oc-114">
         <name>.common:tags</name>
         <uninitialized>true</uninitialized>
         <run_address>0x20010920</run_address>
         <size>0x180</size>
      </object_component>
      <object_component id="oc-24">
         <name>.sysmem</name>
         <uninitialized>true</uninitialized>
         <run_address>0x20000000</run_address>
         <size>0x8</size>
         <input_file_ref idref="fl-dc"/>
      </object_component>
      <object_component id="oc-5ef">
         <name>.sysmem</name>
         <uninitialized>true</uninitialized>
         <run_address>0x20000000</run_address>
         <size>0x0</size>
      </object_component>
      <object_component id="oc-21">
         <name>.stack</name>
         <uninitialized>true</uninitialized>
         <run_address>0x2000cb20</run_address>
         <size>0x4</size>
         <input_file_ref idref="fl-da"/>
      </object_component>
      <object_component id="oc-5ee">
         <name>.stack</name>
         <uninitialized>true</uninitialized>
         <run_address>0x2000cb20</run_address>
         <size>0x0</size>
      </object_component>
      <object_component id="oc-c7">
         <name>.debug_info</name>
         <load_address>0x0</load_address>
         <run_address>0x0</run_address>
         <size>0x251</size>
         <input_file_ref idref="fl-1"/>
      </object_component>
      <object_component id="oc-1e5">
         <name>.debug_info</name>
         <load_address>0x251</load_address>
         <run_address>0x251</run_address>
         <size>0xc5</size>
         <input_file_ref idref="fl-1"/>
      </object_component>
      <object_component id="oc-1e2">
         <name>.debug_info</name>
         <load_address>0x316</load_address>
         <run_address>0x316</run_address>
         <size>0x10f</size>
         <input_file_ref idref="fl-1"/>
      </object_component>
      <object_component id="oc-10f">
         <name>.debug_info</name>
         <load_address>0x425</load_address>
         <run_address>0x425</run_address>
         <size>0x4ad</size>
         <input_file_ref idref="fl-1"/>
      </object_component>
      <object_component id="oc-74">
         <name>.debug_info</name>
         <load_address>0x8d2</load_address>
         <run_address>0x8d2</run_address>
         <size>0x26b</size>
         <input_file_ref idref="fl-1"/>
      </object_component>
      <object_component id="oc-c2">
         <name>.debug_info</name>
         <load_address>0xb3d</load_address>
         <run_address>0xb3d</run_address>
         <size>0x8b</size>
         <input_file_ref idref="fl-1"/>
      </object_component>
      <object_component id="oc-bd">
         <name>.debug_info</name>
         <load_address>0xbc8</load_address>
         <run_address>0xbc8</run_address>
         <size>0x297</size>
         <input_file_ref idref="fl-1"/>
      </object_component>
      <object_component id="oc-79">
         <name>.debug_info</name>
         <load_address>0xe5f</load_address>
         <run_address>0xe5f</run_address>
         <size>0xbb</size>
         <input_file_ref idref="fl-1"/>
      </object_component>
      <object_component id="oc-115">
         <name>.debug_info</name>
         <load_address>0xf1a</load_address>
         <run_address>0xf1a</run_address>
         <size>0x4bb</size>
         <input_file_ref idref="fl-2"/>
      </object_component>
      <object_component id="oc-a0">
         <name>.debug_info</name>
         <load_address>0x13d5</load_address>
         <run_address>0x13d5</run_address>
         <size>0x2aa</size>
         <input_file_ref idref="fl-2"/>
      </object_component>
      <object_component id="oc-11a">
         <name>.debug_info</name>
         <load_address>0x167f</load_address>
         <run_address>0x167f</run_address>
         <size>0x4d6</size>
         <input_file_ref idref="fl-2"/>
      </object_component>
      <object_component id="oc-18c">
         <name>.debug_info</name>
         <load_address>0x1b55</load_address>
         <run_address>0x1b55</run_address>
         <size>0x94</size>
         <input_file_ref idref="fl-2"/>
      </object_component>
      <object_component id="oc-1ea">
         <name>.debug_info</name>
         <load_address>0x1be9</load_address>
         <run_address>0x1be9</run_address>
         <size>0x6c</size>
         <input_file_ref idref="fl-2"/>
      </object_component>
      <object_component id="oc-1b4">
         <name>.debug_info</name>
         <load_address>0x1c55</load_address>
         <run_address>0x1c55</run_address>
         <size>0x727</size>
         <input_file_ref idref="fl-3"/>
      </object_component>
      <object_component id="oc-1ac">
         <name>.debug_info</name>
         <load_address>0x237c</load_address>
         <run_address>0x237c</run_address>
         <size>0xc7</size>
         <input_file_ref idref="fl-3"/>
      </object_component>
      <object_component id="oc-eb">
         <name>.debug_info</name>
         <load_address>0x2443</load_address>
         <run_address>0x2443</run_address>
         <size>0x420</size>
         <input_file_ref idref="fl-3"/>
      </object_component>
      <object_component id="oc-1af">
         <name>.debug_info</name>
         <load_address>0x2863</load_address>
         <run_address>0x2863</run_address>
         <size>0x9f3</size>
         <input_file_ref idref="fl-3"/>
      </object_component>
      <object_component id="oc-cf">
         <name>.debug_info</name>
         <load_address>0x3256</load_address>
         <run_address>0x3256</run_address>
         <size>0x2c</size>
         <input_file_ref idref="fl-3"/>
      </object_component>
      <object_component id="oc-1b5">
         <name>.debug_info</name>
         <load_address>0x3282</load_address>
         <run_address>0x3282</run_address>
         <size>0x55</size>
         <input_file_ref idref="fl-3"/>
      </object_component>
      <object_component id="oc-198">
         <name>.debug_info</name>
         <load_address>0x32d7</load_address>
         <run_address>0x32d7</run_address>
         <size>0x31a</size>
         <input_file_ref idref="fl-4"/>
      </object_component>
      <object_component id="oc-192">
         <name>.debug_info</name>
         <load_address>0x35f1</load_address>
         <run_address>0x35f1</run_address>
         <size>0x249</size>
         <input_file_ref idref="fl-4"/>
      </object_component>
      <object_component id="oc-195">
         <name>.debug_info</name>
         <load_address>0x383a</load_address>
         <run_address>0x383a</run_address>
         <size>0xe0</size>
         <input_file_ref idref="fl-4"/>
      </object_component>
      <object_component id="oc-e5">
         <name>.debug_info</name>
         <load_address>0x391a</load_address>
         <run_address>0x391a</run_address>
         <size>0x3c5</size>
         <input_file_ref idref="fl-4"/>
      </object_component>
      <object_component id="oc-23a">
         <name>.debug_info</name>
         <load_address>0x3cdf</load_address>
         <run_address>0x3cdf</run_address>
         <size>0x110</size>
         <input_file_ref idref="fl-4"/>
      </object_component>
      <object_component id="oc-103">
         <name>.debug_info</name>
         <load_address>0x3def</load_address>
         <run_address>0x3def</run_address>
         <size>0x1a2</size>
         <input_file_ref idref="fl-5"/>
      </object_component>
      <object_component id="oc-36">
         <name>.debug_info</name>
         <load_address>0x3f91</load_address>
         <run_address>0x3f91</run_address>
         <size>0x84</size>
         <input_file_ref idref="fl-5"/>
      </object_component>
      <object_component id="oc-2f">
         <name>.debug_info</name>
         <load_address>0x4015</load_address>
         <run_address>0x4015</run_address>
         <size>0x2a1</size>
         <input_file_ref idref="fl-6"/>
      </object_component>
      <object_component id="oc-10">
         <name>.debug_info</name>
         <load_address>0x42b6</load_address>
         <run_address>0x42b6</run_address>
         <size>0xe0</size>
         <input_file_ref idref="fl-6"/>
      </object_component>
      <object_component id="oc-28">
         <name>.debug_info</name>
         <load_address>0x4396</load_address>
         <run_address>0x4396</run_address>
         <size>0x25f</size>
         <input_file_ref idref="fl-6"/>
      </object_component>
      <object_component id="oc-256">
         <name>.debug_info</name>
         <load_address>0x45f5</load_address>
         <run_address>0x45f5</run_address>
         <size>0x52b</size>
         <input_file_ref idref="fl-f"/>
      </object_component>
      <object_component id="oc-1a7">
         <name>.debug_info</name>
         <load_address>0x4b20</load_address>
         <run_address>0x4b20</run_address>
         <size>0x80e</size>
         <input_file_ref idref="fl-f"/>
      </object_component>
      <object_component id="oc-2bf">
         <name>.debug_info</name>
         <load_address>0x532e</load_address>
         <run_address>0x532e</run_address>
         <size>0x247</size>
         <input_file_ref idref="fl-f"/>
      </object_component>
      <object_component id="oc-2d8">
         <name>.debug_info</name>
         <load_address>0x5575</load_address>
         <run_address>0x5575</run_address>
         <size>0x28f</size>
         <input_file_ref idref="fl-f"/>
      </object_component>
      <object_component id="oc-2e9">
         <name>.debug_info</name>
         <load_address>0x5804</load_address>
         <run_address>0x5804</run_address>
         <size>0x116</size>
         <input_file_ref idref="fl-f"/>
      </object_component>
      <object_component id="oc-31f">
         <name>.debug_info</name>
         <load_address>0x591a</load_address>
         <run_address>0x591a</run_address>
         <size>0x172</size>
         <input_file_ref idref="fl-f"/>
      </object_component>
      <object_component id="oc-257">
         <name>.debug_info</name>
         <load_address>0x5a8c</load_address>
         <run_address>0x5a8c</run_address>
         <size>0x1ed</size>
         <input_file_ref idref="fl-f"/>
      </object_component>
      <object_component id="oc-2ee">
         <name>.debug_info</name>
         <load_address>0x5c79</load_address>
         <run_address>0x5c79</run_address>
         <size>0x110</size>
         <input_file_ref idref="fl-f"/>
      </object_component>
      <object_component id="oc-2e2">
         <name>.debug_info</name>
         <load_address>0x5d89</load_address>
         <run_address>0x5d89</run_address>
         <size>0x53</size>
         <input_file_ref idref="fl-f"/>
      </object_component>
      <object_component id="oc-2b8">
         <name>.debug_info</name>
         <load_address>0x5ddc</load_address>
         <run_address>0x5ddc</run_address>
         <size>0x69</size>
         <input_file_ref idref="fl-f"/>
      </object_component>
      <object_component id="oc-2d7">
         <name>.debug_info</name>
         <load_address>0x5e45</load_address>
         <run_address>0x5e45</run_address>
         <size>0x499</size>
         <input_file_ref idref="fl-10"/>
      </object_component>
      <object_component id="oc-2c8">
         <name>.debug_info</name>
         <load_address>0x62de</load_address>
         <run_address>0x62de</run_address>
         <size>0xe8</size>
         <input_file_ref idref="fl-10"/>
      </object_component>
      <object_component id="oc-2cb">
         <name>.debug_info</name>
         <load_address>0x63c6</load_address>
         <run_address>0x63c6</run_address>
         <size>0xee</size>
         <input_file_ref idref="fl-10"/>
      </object_component>
      <object_component id="oc-2d4">
         <name>.debug_info</name>
         <load_address>0x64b4</load_address>
         <run_address>0x64b4</run_address>
         <size>0xe8</size>
         <input_file_ref idref="fl-10"/>
      </object_component>
      <object_component id="oc-24d">
         <name>.debug_info</name>
         <load_address>0x659c</load_address>
         <run_address>0x659c</run_address>
         <size>0x9e8</size>
         <input_file_ref idref="fl-10"/>
      </object_component>
      <object_component id="oc-36a">
         <name>.debug_info</name>
         <load_address>0x6f84</load_address>
         <run_address>0x6f84</run_address>
         <size>0x30b</size>
         <input_file_ref idref="fl-11"/>
      </object_component>
      <object_component id="oc-35b">
         <name>.debug_info</name>
         <load_address>0x728f</load_address>
         <run_address>0x728f</run_address>
         <size>0xe0</size>
         <input_file_ref idref="fl-11"/>
      </object_component>
      <object_component id="oc-358">
         <name>.debug_info</name>
         <load_address>0x736f</load_address>
         <run_address>0x736f</run_address>
         <size>0xe8</size>
         <input_file_ref idref="fl-11"/>
      </object_component>
      <object_component id="oc-35e">
         <name>.debug_info</name>
         <load_address>0x7457</load_address>
         <run_address>0x7457</run_address>
         <size>0xea</size>
         <input_file_ref idref="fl-11"/>
      </object_component>
      <object_component id="oc-361">
         <name>.debug_info</name>
         <load_address>0x7541</load_address>
         <run_address>0x7541</run_address>
         <size>0xec</size>
         <input_file_ref idref="fl-11"/>
      </object_component>
      <object_component id="oc-364">
         <name>.debug_info</name>
         <load_address>0x762d</load_address>
         <run_address>0x762d</run_address>
         <size>0xe8</size>
         <input_file_ref idref="fl-11"/>
      </object_component>
      <object_component id="oc-367">
         <name>.debug_info</name>
         <load_address>0x7715</load_address>
         <run_address>0x7715</run_address>
         <size>0xe1</size>
         <input_file_ref idref="fl-11"/>
      </object_component>
      <object_component id="oc-325">
         <name>.debug_info</name>
         <load_address>0x77f6</load_address>
         <run_address>0x77f6</run_address>
         <size>0x7ec</size>
         <input_file_ref idref="fl-11"/>
      </object_component>
      <object_component id="oc-409">
         <name>.debug_info</name>
         <load_address>0x7fe2</load_address>
         <run_address>0x7fe2</run_address>
         <size>0xfb</size>
         <input_file_ref idref="fl-11"/>
      </object_component>
      <object_component id="oc-3aa">
         <name>.debug_info</name>
         <load_address>0x80dd</load_address>
         <run_address>0x80dd</run_address>
         <size>0x703</size>
         <input_file_ref idref="fl-12"/>
      </object_component>
      <object_component id="oc-371">
         <name>.debug_info</name>
         <load_address>0x87e0</load_address>
         <run_address>0x87e0</run_address>
         <size>0xe5</size>
         <input_file_ref idref="fl-12"/>
      </object_component>
      <object_component id="oc-36e">
         <name>.debug_info</name>
         <load_address>0x88c5</load_address>
         <run_address>0x88c5</run_address>
         <size>0xe3</size>
         <input_file_ref idref="fl-12"/>
      </object_component>
      <object_component id="oc-462">
         <name>.debug_info</name>
         <load_address>0x89a8</load_address>
         <run_address>0x89a8</run_address>
         <size>0xeb</size>
         <input_file_ref idref="fl-12"/>
      </object_component>
      <object_component id="oc-46b">
         <name>.debug_info</name>
         <load_address>0x8a93</load_address>
         <run_address>0x8a93</run_address>
         <size>0xeb</size>
         <input_file_ref idref="fl-12"/>
      </object_component>
      <object_component id="oc-474">
         <name>.debug_info</name>
         <load_address>0x8b7e</load_address>
         <run_address>0x8b7e</run_address>
         <size>0xeb</size>
         <input_file_ref idref="fl-12"/>
      </object_component>
      <object_component id="oc-465">
         <name>.debug_info</name>
         <load_address>0x8c69</load_address>
         <run_address>0x8c69</run_address>
         <size>0xed</size>
         <input_file_ref idref="fl-12"/>
      </object_component>
      <object_component id="oc-46e">
         <name>.debug_info</name>
         <load_address>0x8d56</load_address>
         <run_address>0x8d56</run_address>
         <size>0xed</size>
         <input_file_ref idref="fl-12"/>
      </object_component>
      <object_component id="oc-477">
         <name>.debug_info</name>
         <load_address>0x8e43</load_address>
         <run_address>0x8e43</run_address>
         <size>0xed</size>
         <input_file_ref idref="fl-12"/>
      </object_component>
      <object_component id="oc-468">
         <name>.debug_info</name>
         <load_address>0x8f30</load_address>
         <run_address>0x8f30</run_address>
         <size>0xed</size>
         <input_file_ref idref="fl-12"/>
      </object_component>
      <object_component id="oc-471">
         <name>.debug_info</name>
         <load_address>0x901d</load_address>
         <run_address>0x901d</run_address>
         <size>0xed</size>
         <input_file_ref idref="fl-12"/>
      </object_component>
      <object_component id="oc-47a">
         <name>.debug_info</name>
         <load_address>0x910a</load_address>
         <run_address>0x910a</run_address>
         <size>0xed</size>
         <input_file_ref idref="fl-12"/>
      </object_component>
      <object_component id="oc-47d">
         <name>.debug_info</name>
         <load_address>0x91f7</load_address>
         <run_address>0x91f7</run_address>
         <size>0xeb</size>
         <input_file_ref idref="fl-12"/>
      </object_component>
      <object_component id="oc-486">
         <name>.debug_info</name>
         <load_address>0x92e2</load_address>
         <run_address>0x92e2</run_address>
         <size>0xeb</size>
         <input_file_ref idref="fl-12"/>
      </object_component>
      <object_component id="oc-480">
         <name>.debug_info</name>
         <load_address>0x93cd</load_address>
         <run_address>0x93cd</run_address>
         <size>0xed</size>
         <input_file_ref idref="fl-12"/>
      </object_component>
      <object_component id="oc-489">
         <name>.debug_info</name>
         <load_address>0x94ba</load_address>
         <run_address>0x94ba</run_address>
         <size>0xed</size>
         <input_file_ref idref="fl-12"/>
      </object_component>
      <object_component id="oc-48f">
         <name>.debug_info</name>
         <load_address>0x95a7</load_address>
         <run_address>0x95a7</run_address>
         <size>0xed</size>
         <input_file_ref idref="fl-12"/>
      </object_component>
      <object_component id="oc-483">
         <name>.debug_info</name>
         <load_address>0x9694</load_address>
         <run_address>0x9694</run_address>
         <size>0xed</size>
         <input_file_ref idref="fl-12"/>
      </object_component>
      <object_component id="oc-48c">
         <name>.debug_info</name>
         <load_address>0x9781</load_address>
         <run_address>0x9781</run_address>
         <size>0xed</size>
         <input_file_ref idref="fl-12"/>
      </object_component>
      <object_component id="oc-492">
         <name>.debug_info</name>
         <load_address>0x986e</load_address>
         <run_address>0x986e</run_address>
         <size>0xee</size>
         <input_file_ref idref="fl-12"/>
      </object_component>
      <object_component id="oc-495">
         <name>.debug_info</name>
         <load_address>0x995c</load_address>
         <run_address>0x995c</run_address>
         <size>0xea</size>
         <input_file_ref idref="fl-12"/>
      </object_component>
      <object_component id="oc-498">
         <name>.debug_info</name>
         <load_address>0x9a46</load_address>
         <run_address>0x9a46</run_address>
         <size>0xec</size>
         <input_file_ref idref="fl-12"/>
      </object_component>
      <object_component id="oc-49b">
         <name>.debug_info</name>
         <load_address>0x9b32</load_address>
         <run_address>0x9b32</run_address>
         <size>0xec</size>
         <input_file_ref idref="fl-12"/>
      </object_component>
      <object_component id="oc-398">
         <name>.debug_info</name>
         <load_address>0x9c1e</load_address>
         <run_address>0x9c1e</run_address>
         <size>0xec</size>
         <input_file_ref idref="fl-12"/>
      </object_component>
      <object_component id="oc-374">
         <name>.debug_info</name>
         <load_address>0x9d0a</load_address>
         <run_address>0x9d0a</run_address>
         <size>0xdc</size>
         <input_file_ref idref="fl-12"/>
      </object_component>
      <object_component id="oc-377">
         <name>.debug_info</name>
         <load_address>0x9de6</load_address>
         <run_address>0x9de6</run_address>
         <size>0xe0</size>
         <input_file_ref idref="fl-12"/>
      </object_component>
      <object_component id="oc-37a">
         <name>.debug_info</name>
         <load_address>0x9ec6</load_address>
         <run_address>0x9ec6</run_address>
         <size>0xe4</size>
         <input_file_ref idref="fl-12"/>
      </object_component>
      <object_component id="oc-389">
         <name>.debug_info</name>
[...]
         <object_component_ref idref="oc-32a"/>
      </symbol>
      <symbol id="sm-607">
         <name>mad_stream_errorstr</name>
         <value>0x8579</value>
         <object_component_ref idref="oc-19f"/>
      </symbol>
      <symbol id="sm-608">
         <name>mad_stream_finish</name>
         <value>0x84cf</value>
         <object_component_ref idref="oc-19f"/>
      </symbol>
      <symbol id="sm-609">
         <name>mad_stream_skip</name>
         <value>0x851f</value>
         <object_component_ref idref="oc-19f"/>
      </symbol>
      <symbol id="sm-60a">
         <name>mad_stream_buffer</name>
         <value>0x84e9</value>
         <object_component_ref idref="oc-19f"/>
      </symbol>
      <symbol id="sm-60b">
         <name>mad_stream_sync</name>
         <value>0x8535</value>
         <object_component_ref idref="oc-19f"/>
      </symbol>
      <symbol id="sm-60c">
         <name>mad_stream_init</name>
         <value>0x846d</value>
         <object_component_ref idref="oc-19f"/>
      </symbol>
      <symbol id="sm-648">
         <name>mad_synth_mute</name>
         <value>0x49cd</value>
         <object_component_ref idref="oc-24f"/>
      </symbol>
      <symbol id="sm-649">
         <name>mad_synth_frame</name>
         <value>0x5e01</value>
         <object_component_ref idref="oc-24f"/>
      </symbol>
      <symbol id="sm-64a">
         <name>mad_synth_init</name>
         <value>0x4999</value>
         <object_component_ref idref="oc-24f"/>
      </symbol>
      <symbol id="sm-6bf">
         <name>mad_timer_negate</name>
         <value>0x74a5</value>
         <object_component_ref idref="oc-2cd"/>
      </symbol>
      <symbol id="sm-6c0">
         <name>mad_timer_abs</name>
         <value>0x74d3</value>
         <object_component_ref idref="oc-2cd"/>
      </symbol>
      <symbol id="sm-6c1">
         <name>mad_timer_compare</name>
         <value>0x745d</value>
         <object_component_ref idref="oc-2cd"/>
      </symbol>
      <symbol id="sm-6c2">
         <name>mad_timer_set</name>
         <value>0x7611</value>
         <object_component_ref idref="oc-2cd"/>
      </symbol>
      <symbol id="sm-6c3">
         <name>mad_timer_add</name>
         <value>0x777d</value>
         <object_component_ref idref="oc-2cd"/>
      </symbol>
      <symbol id="sm-6c4">
         <name>mad_timer_multiply</name>
         <value>0x77b5</value>
         <object_component_ref idref="oc-2cd"/>
      </symbol>
      <symbol id="sm-6c5">
         <name>mad_timer_zero</name>
         <value>0x16494</value>
         <object_component_ref idref="oc-2c4"/>
      </symbol>
      <symbol id="sm-6c6">
         <name>mad_timer_fraction</name>
         <value>0x7939</value>
         <object_component_ref idref="oc-2cd"/>
      </symbol>
      <symbol id="sm-6c7">
         <name>mad_timer_count</name>
         <value>0x7819</value>
         <object_component_ref idref="oc-2cd"/>
      </symbol>
      <symbol id="sm-6c8">
         <name>mad_timer_string</name>
         <value>0x79a5</value>
         <object_component_ref idref="oc-2cd"/>
      </symbol>
      <symbol id="sm-6f6">
         <name>mad_bit_length</name>
         <value>0x91d3</value>
         <object_component_ref idref="oc-241"/>
      </symbol>
      <symbol id="sm-6f7">
         <name>mad_bit_skip</name>
         <value>0x9219</value>
         <object_component_ref idref="oc-241"/>
      </symbol>
      <symbol id="sm-6f8">
         <name>mad_bit_crc</name>
         <value>0x9327</value>
         <object_component_ref idref="oc-241"/>
      </symbol>
      <symbol id="sm-6f9">
         <name>mad_bit_init</name>
         <value>0x91b5</value>
         <object_component_ref idref="oc-241"/>
      </symbol>
      <symbol id="sm-6fa">
         <name>mad_bit_read</name>
         <value>0x9269</value>
         <object_component_ref idref="oc-241"/>
      </symbol>
      <symbol id="sm-6fb">
         <name>mad_bit_nextbyte</name>
         <value>0x91fb</value>
         <object_component_ref idref="oc-241"/>
      </symbol>
      <symbol id="sm-78a">
         <name>mad_huff_quad_table</name>
         <value>0x1648c</value>
         <object_component_ref idref="oc-37f"/>
      </symbol>
      <symbol id="sm-78b">
         <name>mad_huff_pair_table</name>
         <value>0x152e4</value>
         <object_component_ref idref="oc-37c"/>
      </symbol>
      <symbol id="sm-92f">
         <name>f_read</name>
         <value>0x4501</value>
         <object_component_ref idref="oc-108"/>
      </symbol>
      <symbol id="sm-930">
         <name>f_closedir</name>
         <value>0x48ff</value>
         <object_component_ref idref="oc-108"/>
      </symbol>
      <symbol id="sm-931">
         <name>f_opendir</name>
         <value>0x485b</value>
         <object_component_ref idref="oc-108"/>
      </symbol>
      <symbol id="sm-932">
         <name>f_close</name>
         <value>0x46bd</value>
         <object_component_ref idref="oc-108"/>
      </symbol>
      <symbol id="sm-933">
         <name>f_open</name>
         <value>0x4429</value>
         <object_component_ref idref="oc-108"/>
      </symbol>
      <symbol id="sm-934">
         <name>f_lseek</name>
         <value>0x46df</value>
         <object_component_ref idref="oc-108"/>
      </symbol>
      <symbol id="sm-935">
         <name>f_mount</name>
         <value>0x43bd</value>
         <object_component_ref idref="oc-108"/>
      </symbol>
      <symbol id="sm-936">
         <name>f_readdir</name>
         <value>0x4921</value>
         <object_component_ref idref="oc-108"/>
      </symbol>
      <symbol id="sm-971">
         <name>ff_wtoupper</name>
         <value>0x99f9</value>
         <object_component_ref idref="oc-1bf"/>
      </symbol>
      <symbol id="sm-972">
         <name>ff_uni2oem</name>
         <value>0x992d</value>
         <object_component_ref idref="oc-1bf"/>
      </symbol>
      <symbol id="sm-973">
         <name>ff_oem2uni</name>
         <value>0x99a3</value>
         <object_component_ref idref="oc-1bf"/>
      </symbol>
      <symbol id="sm-98a">
         <name>disk_status</name>
         <value>0xaef1</value>
         <object_component_ref idref="oc-1c5"/>
      </symbol>
      <symbol id="sm-98b">
         <name>disk_read</name>
         <value>0xaf13</value>
         <object_component_ref idref="oc-1c5"/>
      </symbol>
      <symbol id="sm-98c">
         <name>disk_initialize</name>
         <value>0xaeff</value>
         <object_component_ref idref="oc-1c5"/>
      </symbol>
      <symbol id="sm-98d">
         <name>disk_ioctl</name>
         <value>0xaf6b</value>
         <object_component_ref idref="oc-1c5"/>
      </symbol>
      <symbol id="sm-98e">
         <name>disk_write</name>
         <value>0xaf57</value>
         <object_component_ref idref="oc-1c5"/>
      </symbol>
      <symbol id="sm-9a7">
         <name>initOsc</name>
         <value>0xa925</value>
         <object_component_ref idref="oc-f6"/>
      </symbol>
      <symbol id="sm-9d1">
         <name>setSSI0Speed</name>
         <value>0x9f71</value>
         <object_component_ref idref="oc-fc"/>
      </symbol>
      <symbol id="sm-9d2">
         <name>rxByteSSI0</name>
         <value>0x9fdd</value>
         <object_component_ref idref="oc-fc"/>
      </symbol>
      <symbol id="sm-9d3">
         <name>txByteSSI0</name>
         <value>0x9fab</value>
         <object_component_ref idref="oc-fc"/>
      </symbol>
      <symbol id="sm-9d4">
         <name>assertCS</name>
         <value>0xa00d</value>
         <object_component_ref idref="oc-fc"/>
      </symbol>
      <symbol id="sm-9d5">
         <name>initSSI0</name>
         <value>0x9eed</value>
         <object_component_ref idref="oc-fc"/>
      </symbol>
      <symbol id="sm-9ee">
         <name>initTimer2A</name>
         <value>0xabb9</value>
         <object_component_ref idref="oc-f0"/>
      </symbol>
      <symbol id="sm-9ef">
         <name>clearTimer2A</name>
         <value>0xac4b</value>
         <object_component_ref idref="oc-f0"/>
      </symbol>
      <symbol id="sm-9f0">
         <name>setTimer2ARate</name>
         <value>0xac2f</value>
         <object_component_ref idref="oc-f0"/>
      </symbol>
      <symbol id="sm-9f1">
         <name>enableTimer2A</name>
         <value>0xac07</value>
         <object_component_ref idref="oc-f0"/>
      </symbol>
      <symbol id="sm-a23">
         <name>getID3Tags</name>
         <value>0x8a45</value>
         <object_component_ref idref="oc-de"/>
      </symbol>
      <symbol id="sm-a3c">
         <name>countMP3</name>
         <value>0xa641</value>
         <object_component_ref idref="oc-d8"/>
      </symbol>
      <symbol id="sm-a3d">
         <name>findMP3</name>
         <value>0xa6af</value>
         <object_component_ref idref="oc-d8"/>
      </symbol>
      <symbol id="sm-a6f">
         <name>initMicroSD</name>
         <value>0x979d</value>
         <object_component_ref idref="oc-269"/>
      </symbol>
      <symbol id="sm-a70">
         <name>blockScaling</name>
         <value>0x20010aec</value>
         <object_component_ref idref="oc-2f7"/>
      </symbol>
      <symbol id="sm-a71">
         <name>readBlock</name>
         <value>0x98af</value>
         <object_component_ref idref="oc-269"/>
      </symbol>
      <symbol id="sm-a72">
         <name>sendCommand</name>
         <value>0x96bd</value>
         <object_component_ref idref="oc-269"/>
      </symbol>
      <symbol id="sm-a8d">
         <name>memcpy</name>
         <value>0xad2f</value>
         <object_component_ref idref="oc-3b"/>
      </symbol>
      <symbol id="sm-a8e">
         <name>__aeabi_memcpy</name>
         <value>0xad2f</value>
         <object_component_ref idref="oc-3b"/>
      </symbol>
      <symbol id="sm-a8f">
         <name>__aeabi_memcpy8</name>
         <value>0xad2f</value>
         <object_component_ref idref="oc-3b"/>
      </symbol>
      <symbol id="sm-a90">
         <name>__aeabi_memcpy4</name>
         <value>0xad2f</value>
         <object_component_ref idref="oc-3b"/>
      </symbol>
      <symbol id="sm-aa2">
         <name>__TI_zero_init</name>
         <value>0xb78f</value>
         <object_component_ref idref="oc-4d"/>
      </symbol>
      <symbol id="sm-ab9">
         <name>__TI_decompress_none</name>
         <value>0xb781</value>
         <object_component_ref idref="oc-18"/>
      </symbol>
      <symbol id="sm-adc">
         <name>__TI_decompress_lzss</name>
         <value>0xb1eb</value>
         <object_component_ref idref="oc-12"/>
      </symbol>
      <symbol id="sm-aef">
         <name>__stack</name>
         <value>0x2000cb20</value>
         <object_component_ref idref="oc-21"/>
      </symbol>
      <symbol id="sm-af0">
         <name>_c_int00_noargs</name>
         <value>0xb585</value>
         <object_component_ref idref="oc-59"/>
      </symbol>
      <symbol id="sm-afb">
         <name>C$$EXIT</name>
         <value>0xb7c5</value>
         <object_component_ref idref="oc-11f"/>
      </symbol>
      <symbol id="sm-afc">
         <name>abort</name>
         <value>0xb7c5</value>
         <object_component_ref idref="oc-11f"/>
      </symbol>
      <symbol id="sm-b82">
         <name>_sys_memory</name>
         <value>0x20000000</value>
         <object_component_ref idref="oc-24"/>
      </symbol>
      <symbol id="sm-b83">
         <name>free</name>
         <value>0xaae1</value>
         <object_component_ref idref="oc-179"/>
      </symbol>
      <symbol id="sm-b84">
         <name>calloc</name>
         <value>0xb64f</value>
         <object_component_ref idref="oc-39d"/>
      </symbol>
      <symbol id="sm-b85">
         <name>malloc</name>
         <value>0xb105</value>
         <object_component_ref idref="oc-16d"/>
      </symbol>
      <symbol id="sm-b86">
         <name>minit</name>
         <value>0xb5bd</value>
         <object_component_ref idref="oc-217"/>
      </symbol>
      <symbol id="sm-b9b">
         <name>_nop</name>
         <value>0x745b</value>
         <object_component_ref idref="oc-283"/>
      </symbol>
      <symbol id="sm-b9c">
         <name>_lock</name>
         <value>0x20010ad8</value>
         <object_component_ref idref="oc-1f5"/>
      </symbol>
      <symbol id="sm-b9d">
         <name>_unlock</name>
         <value>0x20010adc</value>
         <object_component_ref idref="oc-1f5"/>
      </symbol>
      <symbol id="sm-bab">
         <name>bzero</name>
         <value>0xb7b9</value>
         <object_component_ref idref="oc-3a3"/>
      </symbol>
      <symbol id="sm-bbb">
         <name>memcmp</name>
         <value>0xb6a1</value>
         <object_component_ref idref="oc-185"/>
      </symbol>
      <symbol id="sm-bcb">
         <name>memmove</name>
         <value>0xb6c5</value>
         <object_component_ref idref="oc-199"/>
      </symbol>
      <symbol id="sm-bf2">
         <name>sprintf</name>
         <value>0xb48d</value>
         <object_component_ref idref="oc-318"/>
      </symbol>
      <symbol id="sm-c00">
         <name>strcpy</name>
         <value>0xb747</value>
         <object_component_ref idref="oc-173"/>
      </symbol>
      <symbol id="sm-c0e">
         <name>strlen</name>
         <value>0xb75b</value>
         <object_component_ref idref="oc-15f"/>
      </symbol>
      <symbol id="sm-c1e">
         <name>strncasecmp</name>
         <value>0xb549</value>
         <object_component_ref idref="oc-165"/>
      </symbol>
      <symbol id="sm-c2e">
         <name>strncmp</name>
         <value>0xb623</value>
         <object_component_ref idref="oc-17f"/>
      </symbol>
      <symbol id="sm-c3d">
         <name>__aeabi_memset</name>
         <value>0xb08d</value>
         <object_component_ref idref="oc-93"/>
      </symbol>
      <symbol id="sm-c3e">
         <name>memset</name>
         <value>0xb093</value>
         <object_component_ref idref="oc-93"/>
      </symbol>
      <symbol id="sm-c3f">
         <name>__aeabi_memset8</name>
         <value>0xb08d</value>
         <object_component_ref idref="oc-93"/>
      </symbol>
      <symbol id="sm-c40">
         <name>__aeabi_memset4</name>
         <value>0xb08d</value>
         <object_component_ref idref="oc-93"/>
      </symbol>
      <symbol id="sm-c41">
         <name>__aeabi_memclr8</name>
         <value>0xb08b</value>
         <object_component_ref idref="oc-93"/>
      </symbol>
      <symbol id="sm-c42">
         <name>__aeabi_memclr4</name>
         <value>0xb08b</value>
         <object_component_ref idref="oc-93"/>
      </symbol>
      <symbol id="sm-c43">
         <name>__aeabi_memclr</name>
         <value>0xb08b</value>
         <object_component_ref idref="oc-93"/>
      </symbol>
      <symbol id="sm-c6b">
         <name>__TI_auto_init_nobinit_nopinit</name>
         <value>0xb449</value>
         <object_component_ref idref="oc-12b"/>
      </symbol>
      <symbol id="sm-c75">
         <name>_system_pre_init</name>
         <value>0xb7c1</value>
         <object_component_ref idref="oc-99"/>
      </symbol>
      <symbol id="sm-ddb">
         <name>__TI_printfi</name>
         <value>0x69fd</value>
         <object_component_ref idref="oc-33e"/>
      </symbol>
      <symbol id="sm-df1">
         <name>atoi</name>
         <value>0xb3b5</value>
         <object_component_ref idref="oc-3b0"/>
      </symbol>
      <symbol id="sm-dfc">
         <name>_ctypes_</name>
         <value>0x151e0</value>
         <object_component_ref idref="oc-4ab"/>
      </symbol>
      <symbol id="sm-e0b">
         <name>ltoa</name>
         <value>0xb30f</value>
         <object_component_ref idref="oc-4cb"/>
      </symbol>
      <symbol id="sm-e1b">
         <name>memccpy</name>
         <value>0xb6e9</value>
         <object_component_ref idref="oc-3d9"/>
      </symbol>
      <symbol id="sm-e2b">
         <name>strchr</name>
         <value>0xb71d</value>
         <object_component_ref idref="oc-502"/>
      </symbol>
      <symbol id="sm-e4b">
         <name>frexpl</name>
         <value>0xb255</value>
         <object_component_ref idref="oc-4f6"/>
      </symbol>
      <symbol id="sm-e4c">
         <name>frexp</name>
         <value>0xb255</value>
         <object_component_ref idref="oc-4f6"/>
      </symbol>
      <symbol id="sm-e69">
         <name>scalbn</name>
         <value>0xa531</value>
         <object_component_ref idref="oc-4fc"/>
      </symbol>
      <symbol id="sm-e6a">
         <name>scalbnl</name>
         <value>0xa531</value>
         <object_component_ref idref="oc-4fc"/>
      </symbol>
      <symbol id="sm-e6b">
         <name>ldexpl</name>
         <value>0xa531</value>
         <object_component_ref idref="oc-4fc"/>
      </symbol>
      <symbol id="sm-e6c">
         <name>ldexp</name>
         <value>0xa531</value>
         <object_component_ref idref="oc-4fc"/>
      </symbol>
      <symbol id="sm-e76">
         <name>copysign</name>
         <value>0xb733</value>
         <object_component_ref idref="oc-596"/>
      </symbol>
      <symbol id="sm-e77">
         <name>copysignl</name>
         <value>0xb733</value>
         <object_component_ref idref="oc-596"/>
      </symbol>
      <symbol id="sm-e90">
         <name>wcslen</name>
         <value>0xb76f</value>
         <object_component_ref idref="oc-3df"/>
      </symbol>
      <symbol id="sm-ea7">
         <name>__aeabi_dsub</name>
         <value>0x9d35</value>
         <object_component_ref idref="oc-4d6"/>
      </symbol>
      <symbol id="sm-ea8">
         <name>__aeabi_dadd</name>
         <value>0x9d3f</value>
         <object_component_ref idref="oc-4d6"/>
      </symbol>
      <symbol id="sm-eca">
         <name>__aeabi_cdcmpeq</name>
         <value>0xaf7f</value>
         <object_component_ref idref="oc-3bc"/>
      </symbol>
      <symbol id="sm-ecb">
         <name>__aeabi_cdcmple</name>
         <value>0xaf7f</value>
         <object_component_ref idref="oc-3bc"/>
      </symbol>
      <symbol id="sm-ecc">
         <name>__aeabi_cdrcmple</name>
         <value>0xb005</value>
         <object_component_ref idref="oc-4c1"/>
      </symbol>
      <symbol id="sm-ee0">
         <name>__aeabi_ddiv</name>
         <value>0xa1a9</value>
         <object_component_ref idref="oc-4bc"/>
      </symbol>
      <symbol id="sm-eeb">
         <name>__aeabi_dmul</name>
         <value>0xa745</value>
         <object_component_ref idref="oc-4b7"/>
      </symbol>
      <symbol id="sm-ef5">
         <name>__aeabi_d2iz</name>
         <value>0xb401</value>
         <object_component_ref idref="oc-4c6"/>
      </symbol>
      <symbol id="sm-eff">
         <name>__aeabi_i2d</name>
         <value>0xb5f5</value>
         <object_component_ref idref="oc-4d1"/>
      </symbol>
      <symbol id="sm-f0c">
         <name>__aeabi_uldivmod</name>
         <value>0xadcb</value>
         <object_component_ref idref="oc-4b0"/>
      </symbol>
      <symbol id="sm-f22">
         <name>__aeabi_errno_addr</name>
         <value>0xb7b1</value>
         <object_component_ref idref="oc-3e5"/>
      </symbol>
      <symbol id="sm-f23">
         <name>errno</name>
         <value>0x20010ae4</value>
         <object_component_ref idref="oc-512"/>
      </symbol>
      <symbol id="sm-f2d">
         <name>__aeabi_idiv0</name>
         <value>0x7ccb</value>
         <object_component_ref idref="oc-57d"/>
      </symbol>
      <symbol id="sm-f2e">
         <name>__aeabi_ldiv0</name>
         <value>0x7ccb</value>
         <object_component_ref idref="oc-57d"/>
      </symbol>
      <symbol id="sm-f2f">
         <name>__TI_static_base__</name>
         <value>0x0</value>
      </symbol>
      <symbol id="sm-f32">
         <name>__mpu_init</name>
         <value>0x0</value>
      </symbol>
      <symbol id="sm-f33">
         <name>_system_post_cinit</name>
         <value>0x0</value>
      </symbol>
   </symbol_table>
   <title>Link successful</title>
</link_info>
