******************************************************************************
                  TI ARM Linker Unix v18.1.2                   
******************************************************************************
>> Linked Tue Nov 13 22:20:57 2018

OUTPUT FILE NAME:   <lab08.out>
ENTRY POINT SYMBOL: "_c_int00_noargs"  address: 0000b585


MEMORY CONFIGURATION

         name            origin    length      used     unused   attr    fill
----------------------  --------  ---------  --------  --------  ----  --------
  FLASH                 00000000   00100000  000164dc  000e9b24  R  X
  SRAM                  20000000   00040000  00010aec  0002f514  RW X


SEGMENT ALLOCATION MAP

run origin  load origin   length   init length attrs members
----------  ----------- ---------- ----------- ----- -------
00000000    00000000    000164e0   000164e0    r-x
  00000000    00000000    00000208   00000208    r-- .intvecs
  00000208    00000208    0000b5c0   0000b5c0    r-x .text
  0000b7c8    0000b7c8    0000acd4   0000acd4    r-- .const
  000164a0    000164a0    00000040   00000040    r-- .cinit
20000000    20000000    00010aed   00000000    rw-
  20000000    20000000    0000cb20   00000000    rw- .sysmem
  2000cb20    2000cb20    00002000   00000000    rw- .stack
  2000eb20    2000eb20    00001fab   00000000    rw- .bss
  20010acc    20010acc    00000021   00000000    rw- .data


SECTION ALLOCATION MAP

 output                                  attributes/
section   page    origin      length       input sections
--------  ----  ----------  ----------   ----------------
.intvecs   0    00000000    00000208     
                  00000000    00000208     tm4c1294ncpdt_startup_ccs.obj (.intvecs)

.text      0    00000208    0000b5c0     
                  00000208    00002c60     libmad.lib : layer3.obj (.text)
                  00002e68    00001b30     ff13b.lib : ff.obj (.text)
                  00004998    00001524     libmad.lib : synth.obj (.text)
                  00005ebc    00000b40                : layer12.obj (.text)
                  000069fc    00000a5e     rtsv7M4_T_le_v4SPD16_eabi.lib : _printfi.c.obj (.text:__TI_printfi)
                  0000745a    00000002                                   : _lock.c.obj (.text:_nop)
                  0000745c    0000086e     libmad.lib : timer.obj (.text)
                  00007cca    00000002     rtsv7M4_T_le_v4SPD16_eabi.lib : div0.asm.obj (.text)
                  00007ccc    000007a0     libmad.lib : frame.obj (.text)
                  0000846c    00000424                : stream.obj (.text)
                  00008890    0000034e     utils.lib : ID3.obj (.text)
                  00008bde    00000002     --HOLE-- [fill = 0]
                  00008be0    00000308     sound.obj (.text)
                  00008ee8    000002cc     libmad.lib : decoder.obj (.text)
                  000091b4    00000298                : bit.obj (.text)
                  0000944c    00000270     rtsv7M4_T_le_v4SPD16_eabi.lib : _printfi.c.obj (.text:_pconv_a)
                  000096bc    00000270     utils.lib : microSD.obj (.text)
                  0000992c    00000238     ff13b.lib : ffunicode.obj (.text)
                  00009b64    000001d0     rtsv7M4_T_le_v4SPD16_eabi.lib : _printfi.c.obj (.text:_pconv_g)
                  00009d34    000001b6                                   : fd_add_t2.asm.obj (.text)
                  00009eea    00000002     --HOLE-- [fill = 0]
                  00009eec    00000180     periph.lib : ssi_uSD.obj (.text)
                  0000a06c    0000013c     rtsv7M4_T_le_v4SPD16_eabi.lib : _printfi.c.obj (.text:_pconv_e)
                  0000a1a8    00000136                                   : fd_div_t2.asm.obj (.text)
                  0000a2de    00000002     --HOLE-- [fill = 0]
                  0000a2e0    00000130     mp3.obj (.text)
                  0000a410    00000120     rtsv7M4_T_le_v4SPD16_eabi.lib : _printfi.c.obj (.text:fcvt)
                  0000a530    00000110                                   : s_scalbn.c.obj (.text:scalbn)
                  0000a640    00000104     utils.lib : MP3utils.obj (.text)
                  0000a744    000000fc     rtsv7M4_T_le_v4SPD16_eabi.lib : fd_mul_t2.asm.obj (.text)
                  0000a840    000000e4     control.obj (.text)
                  0000a924    000000e0     periph.lib : osc.obj (.text)
                  0000aa04    000000dc     ssi_DAC.obj (.text)
                  0000aae0    000000d8     rtsv7M4_T_le_v4SPD16_eabi.lib : memory.c.obj (.text:free)
                  0000abb8    000000c4     periph.lib : timer2A.obj (.text)
                  0000ac7c    000000b1     rtsv7M4_T_le_v4SPD16_eabi.lib : _printfi.c.obj (.text:_ltostr)
                  0000ad2d    00000001     --HOLE-- [fill = 0]
                  0000ad2e    0000009c                                   : memcpy_t2.asm.obj (.text)
                  0000adca    00000096                                   : ull_div_t2.asm.obj (.text)
                  0000ae60    00000090     lab08.obj (.text)
                  0000aef0    0000008e     ff13b.lib : diskio.obj (.text)
                  0000af7e    00000086     rtsv7M4_T_le_v4SPD16_eabi.lib : fd_cmp_t2.asm.obj (.text:__aeabi_cdcmple)
                  0000b004    00000086                                   : fd_cmp_t2.asm.obj (.text:__aeabi_cdrcmple)
                  0000b08a    0000007a                                   : memset_t2.asm.obj (.text)
                  0000b104    00000078                                   : memory.c.obj (.text:malloc)
                  0000b17c    0000006e                                   : _printfi.c.obj (.text:_mcpy)
                  0000b1ea    00000068                                   : copy_decompress_lzss.c.obj (.text:decompress:lzss:__TI_decompress_lzss)
                  0000b252    00000002     --HOLE-- [fill = 0]
                  0000b254    00000064                                   : s_frexp.c.obj (.text:frexp)
                  0000b2b8    00000056                                   : _printfi.c.obj (.text:_pconv_f)
                  0000b30e    00000054                                   : ltoa.c.obj (.text:ltoa)
                  0000b362    00000052                                   : _printfi.c.obj (.text:_ecpy)
                  0000b3b4    0000004c                                   : atoi.c.obj (.text:atoi)
                  0000b400    00000048                                   : fd_toi_t2.asm.obj (.text)
                  0000b448    00000044                                   : autoinit.c.obj (.text:__TI_auto_init_nobinit_nopinit:__TI_auto_init_nobinit_nopinit)
                  0000b48c    00000040                                   : sprintf.c.obj (.text:sprintf)
                  0000b4cc    0000003e                                   : _printfi.c.obj (.text:_fcpy)
                  0000b50a    00000002     --HOLE-- [fill = 0]
                  0000b50c    0000003c                                   : memory.c.obj (.text:minsert)
                  0000b548    0000003c                                   : strncasecmp.c.obj (.text:strncasecmp)
                  0000b584    00000038                                   : boot_cortex_m.c.obj (.text:_c_int00_noargs:_c_int00_noargs)
                  0000b5bc    00000038                                   : memory.c.obj (.text:minit)
                  0000b5f4    0000002e                                   : i_tofd_t2.asm.obj (.text)
                  0000b622    0000002c                                   : strncmp.c.obj (.text:strncmp)
                  0000b64e    0000002a                                   : memory.c.obj (.text:calloc)
                  0000b678    00000028                                   : memory.c.obj (.text:mremove)
                  0000b6a0    00000024                                   : memcmp.c.obj (.text:memcmp)
                  0000b6c4    00000024                                   : memmov.c.obj (.text:memmove)
                  0000b6e8    0000001c                                   : memccpy.c.obj (.text:memccpy)
                  0000b704    00000018                                   : sprintf.c.obj (.text:_outs)
                  0000b71c    00000016                                   : strchr.c.obj (.text:strchr)
                  0000b732    00000014                                   : s_copysign.c.obj (.text:copysign)
                  0000b746    00000014                                   : strcpy.c.obj (.text:strcpy)
                  0000b75a    00000014                                   : strlen.c.obj (.text:strlen)
                  0000b76e    00000012                                   : wcslen.c.obj (.text:wcslen)
                  0000b780    0000000e                                   : copy_decompress_none.c.obj (.text:decompress:none:__TI_decompress_none)
                  0000b78e    0000000c                                   : copy_zero_init.c.obj (.text:decompress:ZI:__TI_zero_init)
                  0000b79a    0000000c     tm4c1294ncpdt_startup_ccs.obj (.text)
                  0000b7a6    0000000a     rtsv7M4_T_le_v4SPD16_eabi.lib : sprintf.c.obj (.text:_outc)
                  0000b7b0    00000008                                   : errno.c.obj (.text:__aeabi_errno_addr)
                  0000b7b8    00000008                                   : bzero.c.obj (.text:bzero)
                  0000b7c0    00000004                                   : pre_init.c.obj (.text:_system_pre_init)
                  0000b7c4    00000004                                   : exit.c.obj (.text:abort:abort)

.const     0    0000b7c8    0000acd4     
                  0000b7c8    0000803c     libmad.lib : layer3.obj (.const:rq_table)
                  00013804    00000880                : synth.obj (.const:D)
                  00014084    00000324                : huffman.obj (.const:hufftab16)
                  000143a8    0000031c                : huffman.obj (.const:hufftab13)
                  000146c4    00000304                : huffman.obj (.const:hufftab24)
                  000149c8    000002f8                : huffman.obj (.const:hufftab15)
                  00014cc0    00000200                : bit.obj (.const:crc_table)
                  00014ec0    000001f2     ff13b.lib : ffunicode.obj (.const:cvt1$1)
                  000150b2    00000002     libmad.lib : huffman.obj (.const:hufftab0)
                  000150b4    0000012c                : frame.obj (.const:bitrate_table)
                  000151e0    00000101     rtsv7M4_T_le_v4SPD16_eabi.lib : ctype.c.obj (.const:.string:_ctypes_)
                  000152e1    00000003     --HOLE-- [fill = 0]
                  000152e4    00000100     libmad.lib : huffman.obj (.const:mad_huff_pair_table)
                  000153e4    00000100                : layer12.obj (.const:sf_table)
                  000154e4    00000100     ff13b.lib : ffunicode.obj (.const:uc437)
                  000155e4    000000d0     libmad.lib : huffman.obj (.const:hufftab11)
                  000156b4    000000cc                : huffman.obj (.const:hufftab10)
                  00015780    000000cc                : layer12.obj (.const:qc_table)
                  0001584c    000000c0                : huffman.obj (.const:hufftab12)
                  0001590c    000000bc     ff13b.lib : ffunicode.obj (.const:cvt2$2)
                  000159c8    000000b4     libmad.lib : layer12.obj (.const:sbquant_table)
                  00015a7c    00000090                : layer3.obj (.const:imdct_s)
                  00015b0c    00000090                : layer3.obj (.const:window_l)
                  00015b9c    00000084                : huffman.obj (.const:hufftab8)
                  00015c20    00000080     ff13b.lib : ff.obj (.const:.string:ExCvt)
                  00015ca0    00000080     libmad.lib : huffman.obj (.const:hufftab7)
                  00015d20    00000078                : layer3.obj (.const:is_lsf_table)
                  00015d98    0000006c                : huffman.obj (.const:hufftab9)
                  00015e04    0000006c                : layer3.obj (.const:sfbwidth_table)
                  00015e70    0000005a                : layer12.obj (.const:offset_table)
                  00015eca    00000048                : layer3.obj (.const:nsfb_table)
                  00015f12    00000002     --HOLE-- [fill = 0]
                  00015f14    00000048                : layer3.obj (.const:scale$2)
                  00015f5c    00000038                : huffman.obj (.const:hufftab6)
                  00015f94    00000038                : huffman.obj (.const:hufftabA)
                  00015fcc    00000038                : layer12.obj (.const:linear_table)
                  00016004    00000034                : huffman.obj (.const:hufftab5)
                  00016038    00000030                : layer3.obj (.const:window_s)
                  00016068    00000027                : layer3.obj (.const:.string:sfb_16000_short)
                  0001608f    00000027                : layer3.obj (.const:.string:sfb_22050_short)
                  000160b6    00000027                : layer3.obj (.const:.string:sfb_24000_short)
                  000160dd    00000027                : layer3.obj (.const:.string:sfb_32000_short)
                  00016104    00000027                : layer3.obj (.const:.string:sfb_44100_short)
                  0001612b    00000027                : layer3.obj (.const:.string:sfb_48000_short)
                  00016152    00000027                : layer3.obj (.const:.string:sfb_8000_mixed)
                  00016179    00000027                : layer3.obj (.const:.string:sfb_8000_short)
                  000161a0    00000026                : layer3.obj (.const:.string:sfb_32000_mixed)
                  000161c6    00000026                : layer3.obj (.const:.string:sfb_44100_mixed)
                  000161ec    00000026                : layer3.obj (.const:.string:sfb_48000_mixed)
                  00016212    00000024                : layer3.obj (.const:.string:sfb_16000_mixed)
                  00016236    00000024                : layer3.obj (.const:.string:sfb_22050_mixed)
                  0001625a    00000024                : layer3.obj (.const:.string:sfb_24000_mixed)
                  0001627e    00000002     --HOLE-- [fill = 0]
                  00016280    00000024                : layer3.obj (.const:scale$1)
                  000162a4    00000020                : layer12.obj (.const:bitalloc_table)
                  000162c4    00000020                : layer3.obj (.const:ca)
                  000162e4    00000020                : layer3.obj (.const:cs)
                  00016304    00000020                : huffman.obj (.const:hufftab2)
                  00016324    00000020                : huffman.obj (.const:hufftab3)
                  00016344    00000020                : huffman.obj (.const:hufftabB)
                  00016364    00000020                : layer3.obj (.const:sflen_table)
                  00016384    0000001c                : layer3.obj (.const:is_table)
                  000163a0    0000001c                : layer3.obj (.const:root_table)
                  000163bc    00000016                : layer3.obj (.const:.string:pretab)
                  000163d2    00000016                : layer3.obj (.const:.string:sfb_22050_long)
                  000163e8    00000016                : layer3.obj (.const:.string:sfb_24000_long)
                  000163fe    00000016                : layer3.obj (.const:.string:sfb_32000_long)
                  00016414    00000016                : layer3.obj (.const:.string:sfb_44100_long)
                  0001642a    00000016                : layer3.obj (.const:.string:sfb_48000_long)
                  00016440    00000016                : layer3.obj (.const:.string:sfb_8000_long)
                  00016456    00000010                : huffman.obj (.const:hufftab1)
                  00016466    0000000d     ff13b.lib : ff.obj (.const:.string:LfnOfs)
                  00016473    00000001     --HOLE-- [fill = 0]
                  00016474    0000000c     libmad.lib : frame.obj (.const:decoder_table)
                  00016480    0000000c                : frame.obj (.const:samplerate_table)
                  0001648c    00000008                : huffman.obj (.const:mad_huff_quad_table)
                  00016494    00000008                : timer.obj (.const:mad_timer_zero)

.cinit     0    000164a0    00000040     
                  000164a0    0000001a     (.cinit..data.load) [load image, compression = lzss]
                  000164ba    00000002     --HOLE-- [fill = 0]
                  000164bc    0000000c     (__TI_handler_table)
                  000164c8    00000008     (.cinit..bss.load) [load image, compression = zero_init]
                  000164d0    00000010     (__TI_cinit_table)

.init_array 
*          0    00000000    00000000     UNINITIALIZED

.sysmem    0    20000000    0000cb20     UNINITIALIZED
                  20000000    00000008     rtsv7M4_T_le_v4SPD16_eabi.lib : memory.c.obj (.sysmem)
                  20000008    0000cb18     --HOLE--

.stack     0    2000cb20    00002000     UNINITIALIZED
                  2000cb20    00000004     rtsv7M4_T_le_v4SPD16_eabi.lib : boot_cortex_m.c.obj (.stack)
                  2000cb24    00001ffc     --HOLE--

.bss       0    2000eb20    00001fab     UNINITIALIZED
                  2000eb20    00001200     libmad.lib : layer3.obj (.bss:xr)
                  2000fd20    00000a00     mp3.obj (.bss:inputBuffer)
                  20010720    00000200     ff13b.lib : ff.obj (.bss:LfnBuf)
                  20010920    00000180     (.common:tags)
                  20010aa0    00000024     sound.obj (.bss)
                  20010ac4    00000004     ff13b.lib : ff.obj (.bss:FatFs)
                  20010ac8    00000002               : ff.obj (.bss)
                  20010aca    00000001     control.obj (.bss)

.data      0    20010acc    00000021     UNINITIALIZED
                  20010acc    0000000c     rtsv7M4_T_le_v4SPD16_eabi.lib : memory.c.obj (.data:$O1$$)
                  20010ad8    00000008                                   : _lock.c.obj (.data:$O1$$)
                  20010ae0    00000004     control.obj (.data)
                  20010ae4    00000004     rtsv7M4_T_le_v4SPD16_eabi.lib : errno.c.obj (.data)
                  20010ae8    00000004     sound.obj (.data)
                  20010aec    00000001     utils.lib : microSD.obj (.data)

MODULE SUMMARY

       Module                          code    ro data   rw data
       ------                          ----    -------   -------
    ../
       ssi_DAC.obj                     220     0         0      
    +--+-------------------------------+-------+---------+---------+
       Total:                          220     0         0      
                                                                
    ./
       mp3.obj                         304     0         2560   
       sound.obj                       776     0         40     
       tm4c1294ncpdt_startup_ccs.obj   12      520       0      
       lab08.obj                       144     0         384    
       control.obj                     228     0         5      
    +--+-------------------------------+-------+---------+---------+
       Total:                          1464    520       2989   
                                                                
    ../libmad.lib
       layer3.obj                      11360   34412     4608   
       synth.obj                       5412    2176      0      
       huffman.obj                     0       4646      0      
       layer12.obj                     2880    818       0      
       frame.obj                       1952    324       0      
       timer.obj                       2158    8         0      
       bit.obj                         664     512       0      
       stream.obj                      1060    0         0      
       decoder.obj                     716     0         0      
    +--+-------------------------------+-------+---------+---------+
       Total:                          26202   42896     4608   
                                                                
    /Applications/ti/ccsv8/tools/compiler/ti-cgt-arm_18.1.2.LTS/lib/rtsv7M4_T_le_v4SPD16_eabi.lib
       _printfi.c.obj                  4863    0         0      
       memory.c.obj                    534     0         12     
       fd_add_t2.asm.obj               438     0         0      
       fd_div_t2.asm.obj               310     0         0      
       s_scalbn.c.obj                  272     0         0      
       fd_cmp_t2.asm.obj               268     0         0      
       ctype.c.obj                     0       257       0      
       fd_mul_t2.asm.obj               252     0         0      
       memcpy_t2.asm.obj               156     0         0      
       ull_div_t2.asm.obj              150     0         0      
       memset_t2.asm.obj               122     0         0      
       copy_decompress_lzss.c.obj      104     0         0      
       s_frexp.c.obj                   100     0         0      
       sprintf.c.obj                   98      0         0      
       ltoa.c.obj                      84      0         0      
       atoi.c.obj                      76      0         0      
       fd_toi_t2.asm.obj               72      0         0      
       autoinit.c.obj                  68      0         0      
       strncasecmp.c.obj               60      0         0      
       boot_cortex_m.c.obj             56      0         0      
       i_tofd_t2.asm.obj               46      0         0      
       strncmp.c.obj                   44      0         0      
       memcmp.c.obj                    36      0         0      
       memmov.c.obj                    36      0         0      
       memccpy.c.obj                   28      0         0      
       strchr.c.obj                    22      0         0      
       s_copysign.c.obj                20      0         0      
       strcpy.c.obj                    20      0         0      
       strlen.c.obj                    20      0         0      
       wcslen.c.obj                    18      0         0      
       copy_decompress_none.c.obj      14      0         0      
       copy_zero_init.c.obj            12      0         0      
       errno.c.obj                     8       0         4      
       _lock.c.obj                     2       0         8      
       bzero.c.obj                     8       0         0      
       exit.c.obj                      4       0         0      
       pre_init.c.obj                  4       0         0      
       div0.asm.obj                    2       0         0      
    +--+-------------------------------+-------+---------+---------+
       Total:                          8427    257       24     
                                                                
    /Users/tnor/workspace_v8/ff13b/ff13b.lib
       ff.obj                          6960    141       518    
       ffunicode.obj                   568     942       0      
       diskio.obj                      142     0         0      
    +--+-------------------------------+-------+---------+---------+
       Total:                          7670    1083      518    
                                                                
    /Users/tnor/workspace_v8/periph/Debug/periph.lib
       ssi_uSD.obj                     384     0         0      
       osc.obj                         224     0         0      
       timer2A.obj                     196     0         0      
    +--+-------------------------------+-------+---------+---------+
       Total:                          804     0         0      
                                                                
    /Users/tnor/workspace_v8/utils/Debug/utils.lib
       ID3.obj                         846     0         0      
       microSD.obj                     624     0         1      
       MP3utils.obj                    260     0         0      
    +--+-------------------------------+-------+---------+---------+
       Total:                          1730    0         1      
                                                                
       Heap:                           0       0         52000  
       Stack:                          0       0         8192   
       Linker Generated:               0       62        0      
    +--+-------------------------------+-------+---------+---------+
       Grand Total:                    46517   44818     68332  


LINKER GENERATED COPY TABLES

__TI_cinit_table @ 000164d0 records: 2, size/record: 8, table size: 16
	.data: load addr=000164a0, load size=0000001a bytes, run addr=20010acc, run size=00000021 bytes, compression=lzss
	.bss: load addr=000164c8, load size=00000008 bytes, run addr=2000eb20, run size=00001fab bytes, compression=zero_init


LINKER GENERATED HANDLER TABLE

__TI_handler_table @ 000164bc records: 3, size/record: 4, table size: 12
	index: 0, handler: __TI_decompress_lzss
	index: 1, handler: __TI_decompress_none
	index: 2, handler: __TI_zero_init


GLOBAL SYMBOLS: SORTED ALPHABETICALLY BY Name 

address   name                          
-------   ----                          
0000b7c5  C$$EXIT                       
0000a3bb  MP3decode                     
0000b79b  ResetISR                      
2000eb20  __STACK_END                   
00002000  __STACK_SIZE                  
2000cd20  __STACK_TOP                   
0000cb20  __SYSMEM_SIZE                 
000164d0  __TI_CINIT_Base               
000164e0  __TI_CINIT_Limit              
000164bc  __TI_Handler_Table_Base       
000164c8  __TI_Handler_Table_Limit      
0000b449  __TI_auto_init_nobinit_nopinit
0000b1eb  __TI_decompress_lzss          
0000b781  __TI_decompress_none          
ffffffff  __TI_pprof_out_hndl           
000069fd  __TI_printfi                  
ffffffff  __TI_prof_data_size           
ffffffff  __TI_prof_data_start          
00000000  __TI_static_base__            
0000b78f  __TI_zero_init                
0000af7f  __aeabi_cdcmpeq               
0000af7f  __aeabi_cdcmple               
0000b005  __aeabi_cdrcmple              
0000b401  __aeabi_d2iz                  
00009d3f  __aeabi_dadd                  
0000a1a9  __aeabi_ddiv                  
0000a745  __aeabi_dmul                  
00009d35  __aeabi_dsub                  
0000b7b1  __aeabi_errno_addr            
0000b5f5  __aeabi_i2d                   
00007ccb  __aeabi_idiv0                 
00007ccb  __aeabi_ldiv0                 
0000b08b  __aeabi_memclr                
0000b08b  __aeabi_memclr4               
0000b08b  __aeabi_memclr8               
0000ad2f  __aeabi_memcpy                
0000ad2f  __aeabi_memcpy4               
0000ad2f  __aeabi_memcpy8               
0000b08d  __aeabi_memset                
0000b08d  __aeabi_memset4               
0000b08d  __aeabi_memset8               
0000adcb  __aeabi_uldivmod              
ffffffff  __binit__                     
ffffffff  __c_args__                    
UNDEFED   __mpu_init                    
2000cb20  __stack                       
0000b585  _c_int00_noargs               
000151e0  _ctypes_                      
20010ad8  _lock                         
0000745b  _nop                          
20000000  _sys_memory                   
UNDEFED   _system_post_cinit            
0000b7c1  _system_pre_init              
20010adc  _unlock                       
0000b7c5  abort                         
0000a00d  assertCS                      
0000b3b5  atoi                          
ffffffff  binit                         
20010aec  blockScaling                  
0000b7b9  bzero                         
0000b64f  calloc                        
0000ac4b  clearTimer2A                  
0000b733  copysign                      
0000b733  copysignl                     
0000a641  countMP3                      
0000aeff  disk_initialize               
0000af6b  disk_ioctl                    
0000af13  disk_read                     
0000aef1  disk_status                   
0000af57  disk_write                    
00008e95  downVolume                    
0000ac07  enableTimer2A                 
20010ae4  errno                         
000046bd  f_close                       
000048ff  f_closedir                    
000046df  f_lseek                       
000043bd  f_mount                       
00004429  f_open                        
0000485b  f_opendir                     
00004501  f_read                        
00004921  f_readdir                     
000099a3  ff_oem2uni                    
0000992d  ff_uni2oem                    
000099f9  ff_wtoupper                   
00008d91  fillBuffers                   
0000a6af  findMP3                       
0000aae1  free                          
0000b255  frexp                         
0000b255  frexpl                        
00000000  g_pfnVectors                  
00008a45  getID3Tags                    
0000a89f  getNumSongs                   
0000a851  getSong                       
0000979d  initMicroSD                   
0000a925  initOsc                       
00009eed  initSSI0                      
0000aa05  initSSI2                      
00008d41  initSound                     
0000abb9  initTimer2A                   
0000a8b9  isDone                        
0000a8db  isPaused                      
0000a8f5  isShuffle                     
00008e81  isSoundFinished               
0000a531  ldexp                         
0000a531  ldexpl                        
0000b30f  ltoa                          
00009327  mad_bit_crc                   
000091b5  mad_bit_init                  
000091d3  mad_bit_length                
000091fb  mad_bit_nextbyte              
00009269  mad_bit_read                  
00009219  mad_bit_skip                  
00008f4b  mad_decoder_finish            
00008ee9  mad_decoder_init              
0000919b  mad_decoder_message           
00009139  mad_decoder_run               
000082fb  mad_frame_decode              
00007d41  mad_frame_finish              
00007d1f  mad_frame_init                
0000839b  mad_frame_mute                
000080b9  mad_header_decode             
00007ccd  mad_header_init               
000152e4  mad_huff_pair_table           
0001648c  mad_huff_quad_table           
00005f2d  mad_layer_I                   
00006345  mad_layer_II                  
00002b07  mad_layer_III                 
000084e9  mad_stream_buffer             
00008579  mad_stream_errorstr           
000084cf  mad_stream_finish             
0000846d  mad_stream_init               
0000851f  mad_stream_skip               
00008535  mad_stream_sync               
00005e01  mad_synth_frame               
00004999  mad_synth_init                
000049cd  mad_synth_mute                
000074d3  mad_timer_abs                 
0000777d  mad_timer_add                 
0000745d  mad_timer_compare             
00007819  mad_timer_count               
00007939  mad_timer_fraction            
000077b5  mad_timer_multiply            
000074a5  mad_timer_negate              
00007611  mad_timer_set                 
000079a5  mad_timer_string              
00016494  mad_timer_zero                
0000aea3  main                          
0000b105  malloc                        
0000b6e9  memccpy                       
0000b6a1  memcmp                        
0000ad2f  memcpy                        
0000b6c5  memmove                       
0000b093  memset                        
0000b5bd  minit                         
0000ae61  playSong                      
000098af  readBlock                     
00009fdd  rxByteSSI0                    
0000a531  scalbn                        
0000a531  scalbnl                       
000096bd  sendCommand                   
0000a8d3  setDone                       
0000a88b  setNumSongs                   
0000a8e1  setPaused                     
00009f71  setSSI0Speed                  
0000a8fb  setShuffle                    
0000a8a5  setSong                       
0000ac2f  setTimer2ARate                
0000b48d  sprintf                       
0000b71d  strchr                        
0000b747  strcpy                        
0000b75b  strlen                        
0000b549  strncasecmp                   
0000b623  strncmp                       
20010920  tags                          
00009fab  txByteSSI0                    
0000aa8d  txDataSSI2                    
00008e93  upVolume                      
20010ae8  volume                        
0000b76f  wcslen                        
00008be1  writeDACs                     


GLOBAL SYMBOLS: SORTED BY Symbol Address 

address   name                          
-------   ----                          
00000000  __TI_static_base__            
00000000  g_pfnVectors                  
00002000  __STACK_SIZE                  
00002b07  mad_layer_III                 
000043bd  f_mount                       
00004429  f_open                        
00004501  f_read                        
000046bd  f_close                       
000046df  f_lseek                       
0000485b  f_opendir                     
000048ff  f_closedir                    
00004921  f_readdir                     
00004999  mad_synth_init                
000049cd  mad_synth_mute                
00005e01  mad_synth_frame               
00005f2d  mad_layer_I                   
00006345  mad_layer_II                  
000069fd  __TI_printfi                  
0000745b  _nop                          
0000745d  mad_timer_compare             
000074a5  mad_timer_negate              
000074d3  mad_timer_abs                 
00007611  mad_timer_set                 
0000777d  mad_timer_add                 
000077b5  mad_timer_multiply            
00007819  mad_timer_count               
00007939  mad_timer_fraction            
000079a5  mad_timer_string              
00007ccb  __aeabi_idiv0                 
00007ccb  __aeabi_ldiv0                 
00007ccd  mad_header_init               
00007d1f  mad_frame_init                
00007d41  mad_frame_finish              
000080b9  mad_header_decode             
000082fb  mad_frame_decode              
0000839b  mad_frame_mute                
0000846d  mad_stream_init               
000084cf  mad_stream_finish             
000084e9  mad_stream_buffer             
0000851f  mad_stream_skip               
00008535  mad_stream_sync               
00008579  mad_stream_errorstr           
00008a45  getID3Tags                    
00008be1  writeDACs                     
00008d41  initSound                     
00008d91  fillBuffers                   
00008e81  isSoundFinished               
00008e93  upVolume                      
00008e95  downVolume                    
00008ee9  mad_decoder_init              
00008f4b  mad_decoder_finish            
00009139  mad_decoder_run               
0000919b  mad_decoder_message           
000091b5  mad_bit_init                  
000091d3  mad_bit_length                
000091fb  mad_bit_nextbyte              
00009219  mad_bit_skip                  
00009269  mad_bit_read                  
00009327  mad_bit_crc                   
000096bd  sendCommand                   
0000979d  initMicroSD                   
000098af  readBlock                     
0000992d  ff_uni2oem                    
000099a3  ff_oem2uni                    
000099f9  ff_wtoupper                   
00009d35  __aeabi_dsub                  
00009d3f  __aeabi_dadd                  
00009eed  initSSI0                      
00009f71  setSSI0Speed                  
00009fab  txByteSSI0                    
00009fdd  rxByteSSI0                    
0000a00d  assertCS                      
0000a1a9  __aeabi_ddiv                  
0000a3bb  MP3decode                     
0000a531  ldexp                         
0000a531  ldexpl                        
0000a531  scalbn                        
0000a531  scalbnl                       
0000a641  countMP3                      
0000a6af  findMP3                       
0000a745  __aeabi_dmul                  
0000a851  getSong                       
0000a88b  setNumSongs                   
0000a89f  getNumSongs                   
0000a8a5  setSong                       
0000a8b9  isDone                        
0000a8d3  setDone                       
0000a8db  isPaused                      
0000a8e1  setPaused                     
0000a8f5  isShuffle                     
0000a8fb  setShuffle                    
0000a925  initOsc                       
0000aa05  initSSI2                      
0000aa8d  txDataSSI2                    
0000aae1  free                          
0000abb9  initTimer2A                   
0000ac07  enableTimer2A                 
0000ac2f  setTimer2ARate                
0000ac4b  clearTimer2A                  
0000ad2f  __aeabi_memcpy                
0000ad2f  __aeabi_memcpy4               
0000ad2f  __aeabi_memcpy8               
0000ad2f  memcpy                        
0000adcb  __aeabi_uldivmod              
0000ae61  playSong                      
0000aea3  main                          
0000aef1  disk_status                   
0000aeff  disk_initialize               
0000af13  disk_read                     
0000af57  disk_write                    
0000af6b  disk_ioctl                    
0000af7f  __aeabi_cdcmpeq               
0000af7f  __aeabi_cdcmple               
0000b005  __aeabi_cdrcmple              
0000b08b  __aeabi_memclr                
0000b08b  __aeabi_memclr4               
0000b08b  __aeabi_memclr8               
0000b08d  __aeabi_memset                
0000b08d  __aeabi_memset4               
0000b08d  __aeabi_memset8               
0000b093  memset                        
0000b105  malloc                        
0000b1eb  __TI_decompress_lzss          
0000b255  frexp                         
0000b255  frexpl                        
0000b30f  ltoa                          
0000b3b5  atoi                          
0000b401  __aeabi_d2iz                  
0000b449  __TI_auto_init_nobinit_nopinit
0000b48d  sprintf                       
0000b549  strncasecmp                   
0000b585  _c_int00_noargs               
0000b5bd  minit                         
0000b5f5  __aeabi_i2d                   
0000b623  strncmp                       
0000b64f  calloc                        
0000b6a1  memcmp                        
0000b6c5  memmove                       
0000b6e9  memccpy                       
0000b71d  strchr                        
0000b733  copysign                      
0000b733  copysignl                     
0000b747  strcpy                        
0000b75b  strlen                        
0000b76f  wcslen                        
0000b781  __TI_decompress_none          
0000b78f  __TI_zero_init                
0000b79b  ResetISR                      
0000b7b1  __aeabi_errno_addr            
0000b7b9  bzero                         
0000b7c1  _system_pre_init              
0000b7c5  C$$EXIT                       
0000b7c5  abort                         
0000cb20  __SYSMEM_SIZE                 
000151e0  _ctypes_                      
000152e4  mad_huff_pair_table           
0001648c  mad_huff_quad_table           
00016494  mad_timer_zero                
000164bc  __TI_Handler_Table_Base       
000164c8  __TI_Handler_Table_Limit      
000164d0  __TI_CINIT_Base               
000164e0  __TI_CINIT_Limit              
20000000  _sys_memory                   
2000cb20  __stack                       
2000cd20  __STACK_TOP                   
2000eb20  __STACK_END                   
20010920  tags                          
20010ad8  _lock                         
20010adc  _unlock                       
20010ae4  errno                         
20010ae8  volume                        
20010aec  blockScaling                  
ffffffff  __TI_pprof_out_hndl           
ffffffff  __TI_prof_data_size           
ffffffff  __TI_prof_data_start          
ffffffff  __binit__                     
ffffffff  __c_args__                    
ffffffff  binit                         
UNDEFED   __mpu_init                    
UNDEFED   _system_post_cinit            

[180 symbols]
